Component: ARM Compiler 5.05 update 2 (build 169) Tool: armlink [4d0f33]

==============================================================================

Section Cross References

    startup.o(RESET) refers to startup.o(STACK) for __initial_sp
    startup.o(RESET) refers to startup.o(.text) for Reset_Handler
    startup.o(RESET) refers to gpio.o(i.GPIO_IRQHandler) for GPIO_IRQHandler
    startup.o(RESET) refers to analog.o(i.ACMP0_IRQHandler) for ACMP0_IRQHandler
    startup.o(RESET) refers to analog.o(i.ACMP1_IRQHandler) for ACMP1_IRQHandler
    startup.o(RESET) refers to lib.o(i.BLE_IRQHandler) for BLE_IRQHandler
    startup.o(RESET) refers to sleep.o(i.OSC_EN_IRQHandler) for OSC_EN_IRQHandler
    startup.o(RESET) refers to uart.o(i.UART0_TX_IRQHandler) for UART0_TX_IRQHandler
    startup.o(RESET) refers to uart.o(i.UART0_RX_IRQHandler) for UART0_RX_IRQHandler
    startup.o(RESET) refers to timer.o(i.TIMER0_IRQHandler) for TIMER0_IRQHandler
    startup.o(RESET) refers to timer.o(i.TIMER1_IRQHandler) for TIMER1_IRQHandler
    startup.o(RESET) refers to timer.o(i.TIMER2_IRQHandler) for TIMER2_IRQHandler
    startup.o(RESET) refers to timer.o(i.TIMER3_IRQHandler) for TIMER3_IRQHandler
    startup.o(RESET) refers to wdt.o(i.WDT_IRQHandler) for WDT_IRQHandler
    startup.o(.text) refers to entry.o(.ARM.Collect$$$$00000000) for __main
    app_main.o(i.assert_err) refers to printf8.o(i.__0printf$8) for __2printf
    app_main.o(i.assert_warn) refers to printf8.o(i.__0printf$8) for __2printf
    app_main.o(i.main) refers to math.o(REG_ACCESS_SECTION) for __wr_reg_with_msk
    app_main.o(i.main) refers to lib.o(i.dc_dc_enable) for dc_dc_enable
    app_main.o(i.main) refers to lib.o(i.plf_init) for plf_init
    app_main.o(i.main) refers to system.o(i.SystemInit) for SystemInit
    app_main.o(i.main) refers to lib.o(i.ble_init) for ble_init
    app_main.o(i.main) refers to app_env.o(i.app_init) for app_init
    app_main.o(i.main) refers to usr_design.o(i.usr_init) for usr_init
    app_main.o(i.main) refers to sleep.o(i.sleep_init) for sleep_init
    app_main.o(i.main) refers to sleep.o(i.wakeup_by_sleep_timer) for wakeup_by_sleep_timer
    app_main.o(i.main) refers to lib.o(i.ke_schedule) for ke_schedule
    app_main.o(i.main) refers to sleep.o(i.usr_sleep) for usr_sleep
    app_main.o(i.main) refers to lib.o(i.ble_sleep) for ble_sleep
    app_main.o(i.main) refers to sleep.o(i.enter_sleep) for enter_sleep
    app_main.o(i.main) refers to app_main.o(.bss) for .bss
    app_main.o(i.main) refers to prf_utils.o(i.prf_init) for prf_init
    app_main.o(i.main) refers to prf_utils.o(i.prf_dispatch_disconnect) for prf_dispatch_disconnect
    app_main.o(i.main) refers to sleep.o(i.sleep_cb) for sleep_cb
    system.o(i.SystemInit) refers to math.o(REG_ACCESS_SECTION) for __wr_reg
    system.o(i.SystemInit) refers to syscon.o(i.syscon_set_sysclk_src) for syscon_set_sysclk_src
    system.o(i.SystemInit) refers to syscon.o(i.syscon_set_ahb_clk) for syscon_set_ahb_clk
    system.o(i.SystemInit) refers to syscon.o(i.syscon_set_ble_clk) for syscon_set_ble_clk
    system.o(i.SystemInit) refers to syscon.o(i.syscon_set_apb_clk) for syscon_set_apb_clk
    system.o(i.SystemInit) refers to syscon.o(i.syscon_set_timer_clk) for syscon_set_timer_clk
    system.o(i.SystemInit) refers to syscon.o(i.syscon_set_usart_clk) for syscon_set_usart_clk
    system.o(i.SystemInit) refers to gpio.o(i.gpio_init) for gpio_init
    system.o(i.SystemInit) refers to led.o(i.led_init) for led_init
    system.o(i.SystemInit) refers to button.o(i.button_init) for button_init
    system.o(i.SystemInit) refers to uart.o(i.uart_init) for uart_init
    system.o(i.SystemInit) refers to usr_design.o(i.gpio_interrupt_callback) for gpio_interrupt_callback
    usr_design.o(i.app_ancsc_enable_reset_timer_handler) refers to app_ancsc.o(i.app_ancsc_enable_req) for app_ancsc_enable_req
    usr_design.o(i.app_ancsc_enable_reset_timer_handler) refers to app_ancsc_task.o(.data) for app_ancsc_env
    usr_design.o(i.app_button_timer_handler) refers to gpio.o(i.gpio_read_pin) for gpio_read_pin
    usr_design.o(i.app_button_timer_handler) refers to app_main.o(i.assert_err) for assert_err
    usr_design.o(i.app_button_timer_handler) refers to app_gap.o(i.app_gap_adv_stop_req) for app_gap_adv_stop_req
    usr_design.o(i.app_button_timer_handler) refers to app_util.o(i.app_get_local_service_flag) for app_get_local_service_flag
    usr_design.o(i.app_button_timer_handler) refers to app_util.o(i.app_set_scan_rsp_data) for app_set_scan_rsp_data
    usr_design.o(i.app_button_timer_handler) refers to app_util.o(i.app_set_adv_data) for app_set_adv_data
    usr_design.o(i.app_button_timer_handler) refers to app_gap.o(i.app_gap_adv_start_req) for app_gap_adv_start_req
    usr_design.o(i.app_button_timer_handler) refers to sleep.o(.data) for sleep_env
    usr_design.o(i.app_button_timer_handler) refers to app_env.o(.bss) for app_env
[...]
    i.syscon_GetBLESR                        0x10005ed2   Section        0  lib.o(i.syscon_GetBLESR)
    syscon_GetBLESR                          0x10005ed3   Thumb Code    10  lib.o(i.syscon_GetBLESR)
    i.syscon_SetADCCRWithMask                0x10005edc   Section        0  adc.o(i.syscon_SetADCCRWithMask)
    syscon_SetADCCRWithMask                  0x10005edd   Thumb Code    10  adc.o(i.syscon_SetADCCRWithMask)
    i.syscon_SetCMDCRWithMask                0x10005ee6   Section        0  sleep.o(i.syscon_SetCMDCRWithMask)
    syscon_SetCMDCRWithMask                  0x10005ee7   Thumb Code    10  sleep.o(i.syscon_SetCMDCRWithMask)
    i.syscon_SetCMDCRWithMask                0x10005ef0   Section        0  syscon.o(i.syscon_SetCMDCRWithMask)
    syscon_SetCMDCRWithMask                  0x10005ef1   Thumb Code    10  syscon.o(i.syscon_SetCMDCRWithMask)
    i.syscon_SetIvrefX32WithMask             0x10005efa   Section        0  sleep.o(i.syscon_SetIvrefX32WithMask)
    syscon_SetIvrefX32WithMask               0x10005efb   Thumb Code    10  sleep.o(i.syscon_SetIvrefX32WithMask)
    i.syscon_SetIvrefX32WithMask             0x10005f04   Section        0  lib.o(i.syscon_SetIvrefX32WithMask)
    syscon_SetIvrefX32WithMask               0x10005f05   Thumb Code    10  lib.o(i.syscon_SetIvrefX32WithMask)
    i.syscon_SetPGCR0WithMask                0x10005f0e   Section        0  sleep.o(i.syscon_SetPGCR0WithMask)
    syscon_SetPGCR0WithMask                  0x10005f0f   Thumb Code    10  sleep.o(i.syscon_SetPGCR0WithMask)
    i.syscon_SetPGCR1WithMask                0x10005f18   Section        0  lib.o(i.syscon_SetPGCR1WithMask)
    syscon_SetPGCR1WithMask                  0x10005f19   Thumb Code    10  lib.o(i.syscon_SetPGCR1WithMask)
    i.syscon_SetPGCR2WithMask                0x10005f22   Section        0  sleep.o(i.syscon_SetPGCR2WithMask)
    syscon_SetPGCR2WithMask                  0x10005f23   Thumb Code    10  sleep.o(i.syscon_SetPGCR2WithMask)
    i.syscon_set_ahb_clk                     0x10005f2c   Section        0  syscon.o(i.syscon_set_ahb_clk)
    i.syscon_set_apb_clk                     0x10005f64   Section        0  syscon.o(i.syscon_set_apb_clk)
    i.syscon_set_ble_clk                     0x10005f98   Section        0  syscon.o(i.syscon_set_ble_clk)
    i.syscon_set_sysclk_src                  0x10005fd8   Section        0  syscon.o(i.syscon_set_sysclk_src)
    i.syscon_set_timer_clk                   0x10006094   Section        0  syscon.o(i.syscon_set_timer_clk)
    i.syscon_set_usart_clk                   0x100060c0   Section        0  syscon.o(i.syscon_set_usart_clk)
    i.task_ancsc_desc_register               0x10006130   Section        0  ancsc_task.o(i.task_ancsc_desc_register)
    i.task_app_desc_register                 0x10006168   Section        0  app_task.o(i.task_app_desc_register)
    i.task_gatt_desc_register                0x100061a0   Section        0  lib.o(i.task_gatt_desc_register)
    task_gatt_desc_register                  0x100061a1   Thumb Code   124  lib.o(i.task_gatt_desc_register)
    i.timer_timer_ClrIntFlag                 0x10006264   Section        0  timer.o(i.timer_timer_ClrIntFlag)
    timer_timer_ClrIntFlag                   0x10006265   Thumb Code    10  timer.o(i.timer_timer_ClrIntFlag)
    i.timer_timer_GetIntFlag                 0x1000626e   Section        0  timer.o(i.timer_timer_GetIntFlag)
    timer_timer_GetIntFlag                   0x1000626f   Thumb Code    10  timer.o(i.timer_timer_GetIntFlag)
    i.uart_check_tx_free                     0x10006278   Section        0  uart.o(i.uart_check_tx_free)
    i.uart_init                              0x100062b4   Section        0  uart.o(i.uart_init)
    i.uart_rx_int_enable                     0x1000634c   Section        0  uart.o(i.uart_rx_int_enable)
    uart_rx_int_enable                       0x1000634d   Thumb Code    18  uart.o(i.uart_rx_int_enable)
    i.uart_tx_int_enable                     0x10006360   Section        0  uart.o(i.uart_tx_int_enable)
    uart_tx_int_enable                       0x10006361   Thumb Code    46  uart.o(i.uart_tx_int_enable)
    i.uart_uart_ClrIntFlag                   0x10006398   Section        0  uart.o(i.uart_uart_ClrIntFlag)
    uart_uart_ClrIntFlag                     0x10006399   Thumb Code    10  uart.o(i.uart_uart_ClrIntFlag)
    i.uart_uart_GetIntFlag                   0x100063a2   Section        0  uart.o(i.uart_uart_GetIntFlag)
    uart_uart_GetIntFlag                     0x100063a3   Thumb Code    10  uart.o(i.uart_uart_GetIntFlag)
    i.uart_uart_SetTXD                       0x100063ac   Section        0  uart.o(i.uart_uart_SetTXD)
    uart_uart_SetTXD                         0x100063ad   Thumb Code     8  uart.o(i.uart_uart_SetTXD)
    i.usr_button1_cb                         0x100063b4   Section        0  usr_design.o(i.usr_button1_cb)
    i.usr_init                               0x100063ec   Section        0  usr_design.o(i.usr_init)
    i.usr_led1_set                           0x10006444   Section        0  usr_design.o(i.usr_led1_set)
    usr_led1_set                             0x10006445   Thumb Code    72  usr_design.o(i.usr_led1_set)
    i.usr_sleep                              0x10006498   Section        0  sleep.o(i.usr_sleep)
    i.usr_sleep_restore                      0x10006518   Section        0  usr_design.o(i.usr_sleep_restore)
    i.wakeup_32k_xtal_start_timer            0x1000654c   Section        0  sleep.o(i.wakeup_32k_xtal_start_timer)
    i.wakeup_32k_xtal_switch_clk             0x10006560   Section        0  sleep.o(i.wakeup_32k_xtal_switch_clk)
    i.wakeup_by_sleep_timer                  0x100065b4   Section        0  sleep.o(i.wakeup_by_sleep_timer)
    i.wdt_irq_clear                          0x1000661c   Section        0  wdt.o(i.wdt_irq_clear)
    i.wdt_wdt_SetLKR                         0x10006644   Section        0  wdt.o(i.wdt_wdt_SetLKR)
    wdt_wdt_SetLKR                           0x10006645   Thumb Code    14  wdt.o(i.wdt_wdt_SetLKR)
    .constdata                               0x10006654   Section      488  app_task.o(.constdata)
    .constdata                               0x1000683c   Section       48  app_task.o(.constdata)
    .constdata                               0x1000686c   Section       51  uart.o(.constdata)
    .constdata                               0x100068a0   Section       16  lib.o(.constdata)
    .constdata                               0x100068b0   Section       64  ancsc_task.o(.constdata)
    .constdata                               0x100068f0   Section       88  ancsc_task.o(.constdata)
    .constdata                               0x10006948   Section      129  ctype_o.o(.constdata)
    .constdata                               0x100069cc   Section        4  ctype_o.o(.constdata)
    table                                    0x100069cc   Data           4  ctype_o.o(.constdata)
    .conststring                             0x100069d0   Section      214  app_gap_task.o(.conststring)
    .conststring                             0x10006aa8   Section      238  app_gatt_task.o(.conststring)
    .conststring                             0x10006b98   Section      173  app_smp_task.o(.conststring)
    .conststring                             0x10006c48   Section      150  app_ancsc_task.o(.conststring)
    .conststring                             0x10006ce0   Section       57  ancsc_task.o(.conststring)
    .data                                    0x10006d4c   Section        4  usr_design.o(.data)
    .data                                    0x10006d50   Section        2  app_task.o(.data)
    .data                                    0x10006d54   Section        4  app_ancsc_task.o(.data)
    .data                                    0x10006d58   Section        4  gpio.o(.data)
    gpio_env                                 0x10006d58   Data           4  gpio.o(.data)
    .data                                    0x10006d5c   Section       32  sleep.o(.data)
    .data                                    0x10006d7c   Section       12  syscon.o(.data)
    .data                                    0x10006d88   Section       32  timer.o(.data)
    .data                                    0x10006da8   Section        4  wdt.o(.data)
    .data                                    0x10006dac   Section        8  serialflash.o(.data)
    .data                                    0x10006db4   Section       12  adc.o(.data)
    ADC_VCM_flag                             0x10006db4   Data           1  adc.o(.data)
    adc_offset_get_done                      0x10006db5   Data           1  adc.o(.data)
    scan_ch_num                              0x10006db6   Data           1  adc.o(.data)
    ADC_SCALE                                0x10006db8   Data           2  adc.o(.data)
    ADC_VCM                                  0x10006dba   Data           2  adc.o(.data)
    ADC_OFFSET                               0x10006dbc   Data           2  adc.o(.data)
    ADC_VREF                                 0x10006dbe   Data           2  adc.o(.data)
    .data                                    0x10006dc0   Section       12  analog.o(.data)
    acmp0_env                                0x10006dc4   Data           4  analog.o(.data)
    acmp1_env                                0x10006dc8   Data           4  analog.o(.data)
    .data                                    0x10006dcc   Section        8  joysticks.o(.data)
    adc_done                                 0x10006dcc   Data           1  joysticks.o(.data)
    adc_key_value_avg                        0x10006dce   Data           2  joysticks.o(.data)
    key_value0                               0x10006dd0   Data           2  joysticks.o(.data)
    .data                                    0x10006dd4   Section        4  retarget.o(.data)
    .data                                    0x10006dd8   Section      232  lib.o(.data)
    ext_ctrl                                 0x10006dd8   Data           1  lib.o(.data)
    app_flags                                0x10006dd9   Data           1  lib.o(.data)
    acc                                      0x10006dda   Data           1  lib.o(.data)
    dc_dc_flag                               0x10006ddb   Data           1  lib.o(.data)
    l2cm_default_handler                     0x10006de8   Data           8  lib.o(.data)
    gatt_default_handler_new                 0x10006df0   Data           8  lib.o(.data)
    smpc_default_handler_new                 0x10006df8   Data           8  lib.o(.data)
    llm_default_handler_new                  0x10006e00   Data           8  lib.o(.data)
    llc_default_handler_new                  0x10006e08   Data           8  lib.o(.data)
    .data                                    0x10006ec0   Section        4  ancsc.o(.data)
    .data                                    0x10006ec4   Section        2  ancsc_task.o(.data)
    .data                                    0x10006ec8   Section        4  rand.o(.data)
    _rand_state                              0x10006ec8   Data           4  rand.o(.data)
    .data                                    0x10006ecc   Section        4  errno.o(.data)
    _errno                                   0x10006ecc   Data           4  errno.o(.data)
    .bss                                     0x10006ed0   Section     5156  app_main.o(.bss)
    ble_heap                                 0x10006ed0   Data        1060  app_main.o(.bss)
    nvds_tmp_buf                             0x100072f4   Data        4096  app_main.o(.bss)
    .bss                                     0x100082f4   Section      772  app_env.o(.bss)
    .bss                                     0x100085f8   Section       48  uart.o(.bss)
    uart0_env                                0x100085f8   Data          24  uart.o(.bss)
    uart1_env                                0x10008610   Data          24  uart.o(.bss)
    .bss                                     0x10008628   Section       20  adc.o(.bss)
    adc_env                                  0x10008628   Data          20  adc.o(.bss)
    .bss                                     0x1000863c   Section       20  joysticks.o(.bss)
    adc_key_value                            0x1000863c   Data          20  joysticks.o(.bss)
    .bss                                     0x10008650   Section     1488  lib.o(.bss)
    gatt_state_handler_new                   0x10008650   Data          16  lib.o(.bss)
    atts_resource_init_state_new             0x10008660   Data          32  lib.o(.bss)
    atts_state_handler_new                   0x10008680   Data          24  lib.o(.bss)
    llm_default_state_new                    0x10008698   Data         304  lib.o(.bss)
    llc_default_state_new                    0x100087c8   Data         296  lib.o(.bss)
    l2cm_default_state_new                   0x100088f0   Data          72  lib.o(.bss)
    gatt_default_state_new                   0x10008a38   Data         272  lib.o(.bss)
    smpc_default_state_new                   0x10008b48   Data         200  lib.o(.bss)
    llc_stopping_new                         0x10008c10   Data          16  lib.o(.bss)
    STACK                                    0x10008c20   Section      512  startup.o(STACK)

    Global Symbols

    Symbol Name                              Value     Ov Type        Size  Object(Section)

    BuildAttributes$$THM_ISAv3M$S$PE$A:L22$X:L11$S22$IEEE1$IW$USESV6$~STKCKD$USESV7$~SHL$OSPACE$ROPI$EBA8$MICROLIB$REQ8$PRES8$EABIv2 0x00000000   Number         0  anon$$obj.o ABSOLUTE
    __ARM_use_no_argv                        0x00000000   Number         0  app_main.o ABSOLUTE
    __use_no_errno                           0x00000000   Number         0  useno.o ABSOLUTE
    __use_no_exception_handling              0x00000000   Number         0  useno.o ABSOLUTE
    __use_no_fp                              0x00000000   Number         0  useno.o ABSOLUTE
    __use_no_heap                            0x00000000   Number         0  useno.o ABSOLUTE
    __use_no_heap_region                     0x00000000   Number         0  useno.o ABSOLUTE
    __use_no_semihosting                     0x00000000   Number         0  useno.o ABSOLUTE
    __use_no_semihosting_swi                 0x00000000   Number         0  useno.o ABSOLUTE
    __use_no_signal_handling                 0x00000000   Number         0  useno.o ABSOLUTE
    _printf_a                                0x00000000   Number         0  stubs.o ABSOLUTE
    _printf_c                                0x00000000   Number         0  stubs.o ABSOLUTE
    _printf_charcount                        0x00000000   Number         0  stubs.o ABSOLUTE
    _printf_d                                0x00000000   Number         0  stubs.o ABSOLUTE
    _printf_e                                0x00000000   Number         0  stubs.o ABSOLUTE
    _printf_f                                0x00000000   Number         0  stubs.o ABSOLUTE
    _printf_flags                            0x00000000   Number         0  stubs.o ABSOLUTE
    _printf_fp_dec                           0x00000000   Number         0  stubs.o ABSOLUTE
    _printf_fp_hex                           0x00000000   Number         0  stubs.o ABSOLUTE
    _printf_g                                0x00000000   Number         0  stubs.o ABSOLUTE
    _printf_i                                0x00000000   Number         0  stubs.o ABSOLUTE
    _printf_int_dec                          0x00000000   Number         0  stubs.o ABSOLUTE
    _printf_l                                0x00000000   Number         0  stubs.o ABSOLUTE
    _printf_lc                               0x00000000   Number         0  stubs.o ABSOLUTE
    _printf_ll                               0x00000000   Number         0  stubs.o ABSOLUTE
    _printf_lld                              0x00000000   Number         0  stubs.o ABSOLUTE
    _printf_lli                              0x00000000   Number         0  stubs.o ABSOLUTE
    _printf_llo                              0x00000000   Number         0  stubs.o ABSOLUTE
    _printf_llu                              0x00000000   Number         0  stubs.o ABSOLUTE
    _printf_llx                              0x00000000   Number         0  stubs.o ABSOLUTE
    _printf_longlong_dec                     0x00000000   Number         0  stubs.o ABSOLUTE
    _printf_longlong_hex                     0x00000000   Number         0  stubs.o ABSOLUTE
    _printf_longlong_oct                     0x00000000   Number         0  stubs.o ABSOLUTE
    _printf_ls                               0x00000000   Number         0  stubs.o ABSOLUTE
    _printf_mbtowc                           0x00000000   Number         0  stubs.o ABSOLUTE
    _printf_n                                0x00000000   Number         0  stubs.o ABSOLUTE
    _printf_o                                0x00000000   Number         0  stubs.o ABSOLUTE
    _printf_p                                0x00000000   Number         0  stubs.o ABSOLUTE
    _printf_percent                          0x00000000   Number         0  stubs.o ABSOLUTE
    _printf_pre_padding                      0x00000000   Number         0  stubs.o ABSOLUTE
    _printf_return_value                     0x00000000   Number         0  stubs.o ABSOLUTE
    _printf_s                                0x00000000   Number         0  stubs.o ABSOLUTE
    _printf_sizespec                         0x00000000   Number         0  stubs.o ABSOLUTE
    _printf_str                              0x00000000   Number         0  stubs.o ABSOLUTE
    _printf_truncate_signed                  0x00000000   Number         0  stubs.o ABSOLUTE
    _printf_truncate_unsigned                0x00000000   Number         0  stubs.o ABSOLUTE
    _printf_u                                0x00000000   Number         0  stubs.o ABSOLUTE
    _printf_wc                               0x00000000   Number         0  stubs.o ABSOLUTE
    _printf_wctomb                           0x00000000   Number         0  stubs.o ABSOLUTE
    _printf_widthprec                        0x00000000   Number         0  stubs.o ABSOLUTE
    _printf_x                                0x00000000   Number         0  stubs.o ABSOLUTE
    __cpp_initialize__aeabi_                  - Undefined Weak Reference
    __cxa_finalize                            - Undefined Weak Reference
    _clock_init                               - Undefined Weak Reference
    _microlib_exit                            - Undefined Weak Reference
    __Vectors_Size                           0x000000c0   Number         0  startup.o ABSOLUTE
    __Vectors                                0x10000000   Data           4  startup.o(RESET)
    __Vectors_End                            0x100000c0   Data           0  startup.o(RESET)
    __main                                   0x100000c1   Thumb Code     0  entry.o(.ARM.Collect$$$$00000000)
    _main_stk                                0x100000c1   Thumb Code     0  entry2.o(.ARM.Collect$$$$00000001)
    _main_scatterload                        0x100000c5   Thumb Code     0  entry5.o(.ARM.Collect$$$$00000004)
    __main_after_scatterload                 0x100000c9   Thumb Code     0  entry5.o(.ARM.Collect$$$$00000004)
    _main_clock                              0x100000c9   Thumb Code     0  entry7b.o(.ARM.Collect$$$$00000008)
    _main_cpp_init                           0x100000c9   Thumb Code     0  entry8b.o(.ARM.Collect$$$$0000000A)
    _main_init                               0x100000c9   Thumb Code     0  entry9a.o(.ARM.Collect$$$$0000000B)
    __rt_final_cpp                           0x100000d1   Thumb Code     0  entry10a.o(.ARM.Collect$$$$0000000D)
    __rt_final_exit                          0x100000d1   Thumb Code     0  entry11a.o(.ARM.Collect$$$$0000000F)
    Reset_Handler                            0x100000d5   Thumb Code    14  startup.o(.text)
    NMI_Handler                              0x100000e3   Thumb Code     2  startup.o(.text)
    HardFault_Handler                        0x100000e5   Thumb Code     2  startup.o(.text)
    MemManage_Handler                        0x100000e7   Thumb Code     2  startup.o(.text)
    BusFault_Handler                         0x100000e9   Thumb Code     2  startup.o(.text)
    UsageFault_Handler                       0x100000eb   Thumb Code     2  startup.o(.text)
    SVC_Handler                              0x100000ed   Thumb Code     2  startup.o(.text)
    DebugMon_Handler                         0x100000ef   Thumb Code     2  startup.o(.text)
    PendSV_Handler                           0x100000f1   Thumb Code     2  startup.o(.text)
    SysTick_Handler                          0x100000f3   Thumb Code     2  startup.o(.text)
    ADC_IRQHandler                           0x100000f5   Thumb Code     0  startup.o(.text)
    CALIB_IRQHandler                         0x100000f5   Thumb Code     0  startup.o(.text)
    DMA_IRQHandler                           0x100000f5   Thumb Code     0  startup.o(.text)
    I2C_IRQHandler                           0x100000f5   Thumb Code     0  startup.o(.text)
    PWM0_IRQHandler                          0x100000f5   Thumb Code     0  startup.o(.text)
    PWM1_IRQHandler                          0x100000f5   Thumb Code     0  startup.o(.text)
    RTC_CAP_IRQHandler                       0x100000f5   Thumb Code     0  startup.o(.text)
    RTC_IRQHandler                           0x100000f5   Thumb Code     0  startup.o(.text)
    SPI0_IRQHandler                          0x100000f5   Thumb Code     0  startup.o(.text)
    SPI1_IRQHandler                          0x100000f5   Thumb Code     0  startup.o(.text)
    TUNER_RX_IRQHandler                      0x100000f5   Thumb Code     0  startup.o(.text)
    TUNER_SETTING_IRQHandler                 0x100000f5   Thumb Code     0  startup.o(.text)
    TUNER_TX_IRQHandler                      0x100000f5   Thumb Code     0  startup.o(.text)
    UART1_RX_IRQHandler                      0x100000f5   Thumb Code     0  startup.o(.text)
    UART1_TX_IRQHandler                      0x100000f5   Thumb Code     0  startup.o(.text)
    __aeabi_lmul                             0x10000105   Thumb Code   166  math.o(.text)
    __aeabi_uldivmod                         0x100001ab   Thumb Code   256  math.o(.text)
    __aeabi_uidiv                            0x100002ab   Thumb Code     0  uidiv.o(.text)
    __aeabi_uidivmod                         0x100002ab   Thumb Code    44  uidiv.o(.text)
    rand                                     0x100002d9   Thumb Code    18  rand.o(.text)
    srand                                    0x100002eb   Thumb Code     6  rand.o(.text)
    __aeabi_memcpy                           0x100002fd   Thumb Code    36  memcpya.o(.text)
    __aeabi_memcpy4                          0x100002fd   Thumb Code     0  memcpya.o(.text)
    __aeabi_memcpy8                          0x100002fd   Thumb Code     0  memcpya.o(.text)
    __aeabi_memset                           0x10000321   Thumb Code    14  memseta.o(.text)
    __aeabi_memset4                          0x10000321   Thumb Code     0  memseta.o(.text)
    __aeabi_memset8                          0x10000321   Thumb Code     0  memseta.o(.text)
    __aeabi_memclr                           0x1000032f   Thumb Code     4  memseta.o(.text)
    __aeabi_memclr4                          0x1000032f   Thumb Code     0  memseta.o(.text)
    __aeabi_memclr8                          0x1000032f   Thumb Code     0  memseta.o(.text)
    _memset$wrapper                          0x10000333   Thumb Code    18  memseta.o(.text)
    memcmp                                   0x10000345   Thumb Code    26  memcmp.o(.text)
    strcpy                                   0x1000035f   Thumb Code    18  strcpy.o(.text)
    atoi                                     0x10000371   Thumb Code    26  atoi.o(.text)
    strtol                                   0x1000038d   Thumb Code   108  strtol.o(.text)
    __scatterload                            0x100003fd   Thumb Code    28  init.o(.text)
    __scatterload_rt2                        0x100003fd   Thumb Code     0  init.o(.text)
    __rt_ctype_table                         0x10000421   Thumb Code     4  ctype_o.o(.text)
    _strtoul                                 0x10000429   Thumb Code   166  _strtoul.o(.text)
    _chval                                   0x100004cf   Thumb Code    30  _chval.o(.text)
    __decompress                             0x100004ed   Thumb Code     0  __dczerorl.o(.text)
    __decompress0                            0x100004ed   Thumb Code    58  __dczerorl.o(.text)
    __rd_reg                                 0x10000529   Thumb Code     6  math.o(REG_ACCESS_SECTION)
    __wr_reg                                 0x10000531   Thumb Code     6  math.o(REG_ACCESS_SECTION)
    __wr_reg_with_msk                        0x10000539   Thumb Code    14  math.o(REG_ACCESS_SECTION)
    ACMP0_IRQHandler                         0x10000549   Thumb Code    12  analog.o(i.ACMP0_IRQHandler)
    ACMP1_IRQHandler                         0x10000559   Thumb Code    12  analog.o(i.ACMP1_IRQHandler)
    BLE_IRQHandler                           0x10000569   Thumb Code   150  lib.o(i.BLE_IRQHandler)
    GPIO_IRQHandler                          0x10000615   Thumb Code    64  gpio.o(i.GPIO_IRQHandler)
    OSC_EN_IRQHandler                        0x10000665   Thumb Code    44  sleep.o(i.OSC_EN_IRQHandler)
    SystemInit                               0x100006a1   Thumb Code   222  system.o(i.SystemInit)
    TIMER0_IRQHandler                        0x100007a9   Thumb Code    70  timer.o(i.TIMER0_IRQHandler)
    TIMER1_IRQHandler                        0x100007f9   Thumb Code    70  timer.o(i.TIMER1_IRQHandler)
    TIMER2_IRQHandler                        0x10000849   Thumb Code    70  timer.o(i.TIMER2_IRQHandler)
    TIMER3_IRQHandler                        0x10000899   Thumb Code    70  timer.o(i.TIMER3_IRQHandler)
    UART0_RX_IRQHandler                      0x100008e9   Thumb Code   106  uart.o(i.UART0_RX_IRQHandler)
    UART0_TX_IRQHandler                      0x1000095d   Thumb Code    66  uart.o(i.UART0_TX_IRQHandler)
    UartPutc                                 0x100009a9   Thumb Code    38  uart.o(i.UartPutc)
    WDT_IRQHandler                           0x100009d5   Thumb Code    18  wdt.o(i.WDT_IRQHandler)
    __0printf$8                              0x100009ed   Thumb Code    24  printf8.o(i.__0printf$8)
    __1printf$8                              0x100009ed   Thumb Code     0  printf8.o(i.__0printf$8)
    __2printf                                0x100009ed   Thumb Code     0  printf8.o(i.__0printf$8)
    __ARM_common_switch8                     0x10000a0d   Thumb Code    26  app_gap_task.o(i.__ARM_common_switch8)
    __aeabi_errno_addr                       0x10000aed   Thumb Code     4  errno.o(i.__aeabi_errno_addr)
    __rt_errno_addr                          0x10000aed   Thumb Code     0  errno.o(i.__aeabi_errno_addr)
    __nvds_get                               0x10000af5   Thumb Code    46  lib.o(i.__nvds_get)
    __nvds_put                               0x10000b29   Thumb Code    46  lib.o(i.__nvds_put)
    __scatterload_copy                       0x10000c39   Thumb Code    14  handlers.o(i.__scatterload_copy)
    __scatterload_null                       0x10000c47   Thumb Code     2  handlers.o(i.__scatterload_null)
    __scatterload_zeroinit                   0x10000c49   Thumb Code    14  handlers.o(i.__scatterload_zeroinit)
    adc_clean_fifo                           0x100010e1   Thumb Code    24  adc.o(i.adc_clean_fifo)
    adc_init                                 0x100010fd   Thumb Code   214  adc.o(i.adc_init)
    adc_read                                 0x100011f1   Thumb Code   264  adc.o(i.adc_read)
    ancsc_init                               0x100015c1   Thumb Code    18  ancsc.o(i.ancsc_init)
    ancsc_send_cmp_evt                       0x100015d9   Thumb Code    60  ancsc.o(i.ancsc_send_cmp_evt)
    ancsc_send_no_conn_cmp_evt               0x10001691   Thumb Code    32  ancsc.o(i.ancsc_send_no_conn_cmp_evt)
    app_add_bonded_dev                       0x10001701   Thumb Code   182  app_util.o(i.app_add_bonded_dev)
    app_ancsc_ancs_content_ind_handler       0x100017bd   Thumb Code    30  app_ancsc_task.o(i.app_ancsc_ancs_content_ind_handler)
    app_ancsc_cfg_indntf_req                 0x100017e1   Thumb Code    38  app_ancsc.o(i.app_ancsc_cfg_indntf_req)
    app_ancsc_clear_buffer                   0x10001811   Thumb Code    52  app_ancsc_task.o(i.app_ancsc_clear_buffer)
    app_ancsc_cmp_evt_handler                0x10001849   Thumb Code   170  app_ancsc_task.o(i.app_ancsc_cmp_evt_handler)
    app_ancsc_data_source_buffer             0x10001991   Thumb Code    66  app_ancsc_task.o(i.app_ancsc_data_source_buffer)
    app_ancsc_data_source_ind_handler        0x100019d5   Thumb Code   668  app_ancsc_task.o(i.app_ancsc_data_source_ind_handler)
    app_ancsc_disable_ind_handler            0x10001cb5   Thumb Code    40  app_ancsc_task.o(i.app_ancsc_disable_ind_handler)
    app_ancsc_enable_req                     0x10001cfd   Thumb Code    66  app_ancsc.o(i.app_ancsc_enable_req)
    app_ancsc_enable_reset_timer_handler     0x10001d45   Thumb Code    38  usr_design.o(i.app_ancsc_enable_reset_timer_handler)
    app_ancsc_get_ntf_attribute_req          0x10001d75   Thumb Code    58  app_ancsc.o(i.app_ancsc_get_ntf_attribute_req)
    app_ancsc_get_ntf_error_handler          0x10001db9   Thumb Code   102  app_ancsc_task.o(i.app_ancsc_get_ntf_error_handler)
    app_ancsc_ntf_source_ind_handler         0x10001e25   Thumb Code   318  app_ancsc_task.o(i.app_ancsc_ntf_source_ind_handler)
    app_ancsc_send_ancs_attribute_req_next   0x10001fc9   Thumb Code   174  app_ancsc_task.o(i.app_ancsc_send_ancs_attribute_req_next)
    app_ancsc_sm_entry                       0x100020a9   Thumb Code   110  app_ancsc_task.o(i.app_ancsc_sm_entry)
    app_button_timer_handler                 0x1000211d   Thumb Code   122  usr_design.o(i.app_button_timer_handler)
    app_create_server_service_DB             0x100021c1   Thumb Code     2  app_util.o(i.app_create_server_service_DB)
    app_enable_server_service                0x100021c3   Thumb Code     2  app_util.o(i.app_enable_server_service)
    app_event_adc_key_sample_cmp_handler     0x100021c5   Thumb Code   172  joysticks.o(i.app_event_adc_key_sample_cmp_handler)
    app_event_button1_press_handler          0x1000229d   Thumb Code    36  usr_design.o(i.app_event_button1_press_handler)
    app_find_bonded_dev                      0x100022d1   Thumb Code    50  app_util.o(i.app_find_bonded_dev)
    app_gap_adv_intv_update_timer_handler    0x1000230d   Thumb Code    64  usr_design.o(i.app_gap_adv_intv_update_timer_handler)
    app_gap_adv_req_cmp_evt_handler          0x10002359   Thumb Code    34  app_gap_task.o(i.app_gap_adv_req_cmp_evt_handler)
    app_gap_adv_start_req                    0x100023a1   Thumb Code   128  app_gap.o(i.app_gap_adv_start_req)
    app_gap_adv_stop_req                     0x10002429   Thumb Code    26  app_gap.o(i.app_gap_adv_stop_req)
    app_gap_bond_req                         0x1000244d   Thumb Code    72  app_gap.o(i.app_gap_bond_req)
    app_gap_bond_req_cmp_ind_handler         0x100024a1   Thumb Code   110  app_gap_task.o(i.app_gap_bond_req_cmp_ind_handler)
    app_gap_bond_req_ind_handler             0x10002519   Thumb Code    82  app_gap_task.o(i.app_gap_bond_req_ind_handler)
    app_gap_bond_resp                        0x10002575   Thumb Code    52  app_gap.o(i.app_gap_bond_resp)
    app_gap_change_param_req_cmp_handler     0x100025b1   Thumb Code    44  app_gap_task.o(i.app_gap_change_param_req_cmp_handler)
    app_gap_discon_cmp_evt_handler           0x100025fd   Thumb Code    86  app_gap_task.o(i.app_gap_discon_cmp_evt_handler)
    app_gap_le_create_conn_req_cmp_evt_handler 0x100026b1   Thumb Code   100  app_gap_task.o(i.app_gap_le_create_conn_req_cmp_evt_handler)
    app_gap_param_update_resp_handler        0x10002755   Thumb Code    46  app_gap_task.o(i.app_gap_param_update_resp_handler)
    app_gap_read_bdaddr_req                  0x100027ad   Thumb Code    10  app_gap.o(i.app_gap_read_bdaddr_req)
    app_gap_read_bdaddr_req_cmp_evt_handler  0x100027c1   Thumb Code    48  app_gap_task.o(i.app_gap_read_bdaddr_req_cmp_evt_handler)
    app_gap_read_ver_req                     0x10002815   Thumb Code    10  app_gap.o(i.app_gap_read_ver_req)
    app_gap_read_ver_req_cmp_evt_handler     0x10002829   Thumb Code    32  app_gap_task.o(i.app_gap_read_ver_req_cmp_evt_handler)
    app_gap_ready_evt_handler                0x1000284d   Thumb Code    24  app_gap_task.o(i.app_gap_ready_evt_handler)
    app_gap_reset_req_cmp_handler            0x10002865   Thumb Code    10  app_gap_task.o(i.app_gap_reset_req_cmp_handler)
    app_gap_set_bondable_mode_req            0x10002871   Thumb Code    26  app_gap.o(i.app_gap_set_bondable_mode_req)
    app_gap_set_devname_req_cmp_evt_handler  0x10002895   Thumb Code    24  app_gap_task.o(i.app_gap_set_devname_req_cmp_evt_handler)
    app_gap_set_mode_req_cmp_evt_handler     0x100028c9   Thumb Code    66  app_gap_task.o(i.app_gap_set_mode_req_cmp_evt_handler)
    app_gap_set_privacy_req_cmp_handler      0x1000295d   Thumb Code    22  app_gap_task.o(i.app_gap_set_privacy_req_cmp_handler)
    app_gap_set_random_add_req_cmp_handler   0x100029a5   Thumb Code    18  app_gap_task.o(i.app_gap_set_random_add_req_cmp_handler)
    app_gap_set_sec_req                      0x100029d5   Thumb Code    30  app_gap.o(i.app_gap_set_sec_req)
    app_gap_set_sec_req_cmp_evt_handler      0x100029fd   Thumb Code    32  app_gap_task.o(i.app_gap_set_sec_req_cmp_evt_handler)
    app_gatt_cancel_write_char_resp_handler  0x10002a21   Thumb Code    12  app_gatt_task.o(i.app_gatt_cancel_write_char_resp_handler)
    app_gatt_cmp_evt_handler                 0x10002a4d   Thumb Code    34  app_gatt_task.o(i.app_gatt_cmp_evt_handler)
    app_gatt_disc_char_all_128_cmp_evt_handler 0x10002aa5   Thumb Code    58  app_gatt_task.o(i.app_gatt_disc_char_all_128_cmp_evt_handler)
    app_gatt_disc_char_all_cmp_evt_handler   0x10002b01   Thumb Code    48  app_gatt_task.o(i.app_gatt_disc_char_all_cmp_evt_handler)
    app_gatt_disc_char_by_uuid_128_cmp_evt_handler 0x10002b35   Thumb Code    58  app_gatt_task.o(i.app_gatt_disc_char_by_uuid_128_cmp_evt_handler)
    app_gatt_disc_char_by_uuid_cmp_evt_handler 0x10002b91   Thumb Code    48  app_gatt_task.o(i.app_gatt_disc_char_by_uuid_cmp_evt_handler)
    app_gatt_disc_char_desc_128_cmp_evt_handler 0x10002bc5   Thumb Code    48  app_gatt_task.o(i.app_gatt_disc_char_desc_128_cmp_evt_handler)
    app_gatt_disc_char_desc_cmp_evt_handler  0x10002c31   Thumb Code    42  app_gatt_task.o(i.app_gatt_disc_char_desc_cmp_evt_handler)
    app_gatt_disc_cmp_evt_handler            0x10002c91   Thumb Code    12  app_gatt_task.o(i.app_gatt_disc_cmp_evt_handler)
    app_gatt_disc_svc_all_128_cmp_evt_handler 0x10002cbd   Thumb Code    50  app_gatt_task.o(i.app_gatt_disc_svc_all_128_cmp_evt_handler)
    app_gatt_disc_svc_all_cmp_evt_handler    0x10002d35   Thumb Code   108  app_gatt_task.o(i.app_gatt_disc_svc_all_cmp_evt_handler)
    app_gatt_disc_svc_by_uuid_cmp_evt_handler 0x10002dd9   Thumb Code    42  app_gatt_task.o(i.app_gatt_disc_svc_by_uuid_cmp_evt_handler)
    app_gatt_disc_svc_incl_cmp_evt_handler   0x10002e35   Thumb Code    94  app_gatt_task.o(i.app_gatt_disc_svc_incl_cmp_evt_handler)
    app_gatt_handle_value_cfm_handler        0x10002ef9   Thumb Code    16  app_gatt_task.o(i.app_gatt_handle_value_cfm_handler)
    app_gatt_handle_value_ind_handler        0x10002f49   Thumb Code    46  app_gatt_task.o(i.app_gatt_handle_value_ind_handler)
    app_gatt_handle_value_notif_handler      0x10002fbd   Thumb Code    46  app_gatt_task.o(i.app_gatt_handle_value_notif_handler)
    app_gatt_notify_cmp_evt_handler          0x1000302d   Thumb Code    16  app_gatt_task.o(i.app_gatt_notify_cmp_evt_handler)
    app_gatt_read_char_mult_resp_handler     0x10003069   Thumb Code    26  app_gatt_task.o(i.app_gatt_read_char_mult_resp_handler)
    app_gatt_read_char_resp_handler          0x100030e1   Thumb Code    58  app_gatt_task.o(i.app_gatt_read_char_resp_handler)
    app_gatt_resource_access_req_handler     0x1000317d   Thumb Code    30  app_gap_task.o(i.app_gatt_resource_access_req_handler)
    app_gatt_write_char_reliable_resp_handler 0x100031a5   Thumb Code    26  app_gatt_task.o(i.app_gatt_write_char_reliable_resp_handler)
    app_gatt_write_char_resp_handler         0x1000320d   Thumb Code    26  app_gatt_task.o(i.app_gatt_write_char_resp_handler)
    app_get_bd_addr_by_conhdl                0x10003261   Thumb Code    62  app_util.o(i.app_get_bd_addr_by_conhdl)
    app_get_bd_addr_by_idx                   0x100032a5   Thumb Code    44  app_util.o(i.app_get_bd_addr_by_idx)
    app_get_bond_nb                          0x100032d5   Thumb Code     6  app_util.o(i.app_get_bond_nb)
    app_get_bond_status                      0x100032e1   Thumb Code    30  app_util.o(i.app_get_bond_status)
    app_get_conhdl_by_idx                    0x10003305   Thumb Code    32  app_util.o(i.app_get_conhdl_by_idx)
    app_get_link_status_by_idx               0x1000332d   Thumb Code    26  app_util.o(i.app_get_link_status_by_idx)
    app_get_lk_sec_status                    0x1000334d   Thumb Code    32  app_util.o(i.app_get_lk_sec_status)
    app_get_local_service_flag               0x10003371   Thumb Code     4  app_util.o(i.app_get_local_service_flag)
    app_get_rec_idx_by_conhdl                0x10003375   Thumb Code    34  app_util.o(i.app_get_rec_idx_by_conhdl)
    app_get_role                             0x1000339d   Thumb Code     6  app_util.o(i.app_get_role)
    app_i_to_array                           0x100033a9   Thumb Code    38  app_util.o(i.app_i_to_array)
    app_init                                 0x100033d1   Thumb Code    88  app_env.o(i.app_init)
    app_init_local_smp_key                   0x10003435   Thumb Code    22  app_util.o(i.app_init_local_smp_key)
    app_key_process_timer_handler            0x10003451   Thumb Code   198  joysticks.o(i.app_key_process_timer_handler)
    app_key_scan_timer_handler               0x10003579   Thumb Code    54  joysticks.o(i.app_key_scan_timer_handler)
    app_led_timer_handler                    0x100035bd   Thumb Code    56  usr_design.o(i.app_led_timer_handler)
    app_set_adv_data                         0x10003601   Thumb Code    92  app_util.o(i.app_set_adv_data)
    app_set_link_status_by_conhdl            0x10003671   Thumb Code    88  app_util.o(i.app_set_link_status_by_conhdl)
    app_set_role                             0x100036cd   Thumb Code     6  app_util.o(i.app_set_role)
    app_set_scan_rsp_data                    0x100036d9   Thumb Code    74  app_util.o(i.app_set_scan_rsp_data)
    app_smpc_chk_bd_addr_req_ind_handler     0x10003861   Thumb Code    66  app_smp_task.o(i.app_smpc_chk_bd_addr_req_ind_handler)
    app_smpc_chk_bd_addr_req_rsp             0x100038a9   Thumb Code    56  app_smp.o(i.app_smpc_chk_bd_addr_req_rsp)
    app_smpc_irk_req_ind_handler             0x100038e9   Thumb Code   138  app_smp_task.o(i.app_smpc_irk_req_ind_handler)
    app_smpc_irk_req_rsp                     0x100039a1   Thumb Code    66  app_smp.o(i.app_smpc_irk_req_rsp)
    app_smpc_key_ind_handler                 0x100039ed   Thumb Code   136  app_smp_task.o(i.app_smpc_key_ind_handler)
    app_smpc_ltk_req_ind_handler             0x10003a99   Thumb Code   172  app_smp_task.o(i.app_smpc_ltk_req_ind_handler)
    app_smpc_ltk_req_rsp                     0x10003b7d   Thumb Code    74  app_smp.o(i.app_smpc_ltk_req_rsp)
    app_smpc_sec_started_ind_handler         0x10003bd1   Thumb Code    38  app_smp_task.o(i.app_smpc_sec_started_ind_handler)
    app_smpc_timeout_evt_handler             0x10003bfd   Thumb Code    36  app_smp_task.o(i.app_smpc_timeout_evt_handler)
    app_smpc_tk_req_ind_handler              0x10003c41   Thumb Code    76  app_smp_task.o(i.app_smpc_tk_req_ind_handler)
    app_smpc_tk_req_rsp                      0x10003cc5   Thumb Code    50  app_smp.o(i.app_smpc_tk_req_rsp)
    app_smpm_set_key_cfm_handler             0x10003d01   Thumb Code    32  app_smp_task.o(i.app_smpm_set_key_cfm_handler)
    app_smpm_set_key_req                     0x10003d25   Thumb Code    42  app_smp.o(i.app_smpm_set_key_req)
    app_task_msg_hdl                         0x10003d59   Thumb Code   212  usr_design.o(i.app_task_msg_hdl)
    app_uart_init                            0x10003e4d   Thumb Code     2  app_sys.o(i.app_uart_init)
    assert_err                               0x10003e51   Thumb Code    20  app_main.o(i.assert_err)
    assert_warn                              0x10003e89   Thumb Code    16  app_main.o(i.assert_warn)
    ble_ext_wakeup_allow                     0x10003f09   Thumb Code    38  lib.o(i.ble_ext_wakeup_allow)
    ble_hw_sleep                             0x10003f35   Thumb Code    22  lib.o(i.ble_hw_sleep)
    ble_init                                 0x10003f4d   Thumb Code   368  lib.o(i.ble_init)
    ble_sleep                                0x10004125   Thumb Code    54  lib.o(i.ble_sleep)
    ble_timer_patch                          0x10004161   Thumb Code    48  lib.o(i.ble_timer_patch)
    button_init                              0x10004199   Thumb Code    34  button.o(i.button_init)
    check_ble_wakeup                         0x100041cd   Thumb Code    14  lib.o(i.check_ble_wakeup)
    co_buf_rx_get                            0x100041e1   Thumb Code    10  lib.o(i.co_buf_rx_get)
    config_work_mode                         0x100041fd   Thumb Code    74  lib.o(i.config_work_mode)
    dc_dc_enable                             0x10004261   Thumb Code    54  lib.o(i.dc_dc_enable)
    enter_sleep                              0x10004309   Thumb Code   410  sleep.o(i.enter_sleep)
    foo1                                     0x100044c9   Thumb Code     2  lib.o(i.foo1)
    fputc                                    0x100044cb   Thumb Code    10  retarget.o(i.fputc)
    fw_ble_sleep                             0x100044d5   Thumb Code   134  lib.o(i.fw_ble_sleep)
    gpio_enable_interrupt                    0x100049b5   Thumb Code     8  gpio.o(i.gpio_enable_interrupt)
    gpio_init                                0x100049bd   Thumb Code    24  gpio.o(i.gpio_init)
    gpio_interrupt_callback                  0x100049e1   Thumb Code    16  usr_design.o(i.gpio_interrupt_callback)
    gpio_read_pin                            0x100049f1   Thumb Code    20  gpio.o(i.gpio_read_pin)
    gpio_read_pin_field                      0x10004a05   Thumb Code    12  gpio.o(i.gpio_read_pin_field)
    gpio_set_direction                       0x10004a11   Thumb Code    16  gpio.o(i.gpio_set_direction)
    gpio_set_direction_field                 0x10004a21   Thumb Code    14  gpio.o(i.gpio_set_direction_field)
    gpio_sleep_allowed                       0x10004a31   Thumb Code    32  gpio.o(i.gpio_sleep_allowed)
    gpio_wakeup_config                       0x10004a55   Thumb Code    92  gpio.o(i.gpio_wakeup_config)
    gpio_write_pin                           0x10004ab5   Thumb Code    28  gpio.o(i.gpio_write_pin)
    is_flash_present                         0x10004b19   Thumb Code    26  serialflash.o(i.is_flash_present)
    ke_schedule                              0x10004b39   Thumb Code    20  lib.o(i.ke_schedule)
    ke_time                                  0x10004b55   Thumb Code    34  lib.o(i.ke_time)
    ke_timer_empty                           0x10004b7d   Thumb Code    18  lib.o(i.ke_timer_empty)
    led_get                                  0x10004c41   Thumb Code    44  led.o(i.led_get)
    led_init                                 0x10004c6d   Thumb Code    56  led.o(i.led_init)
    led_set                                  0x10004ca9   Thumb Code    38  led.o(i.led_set)
    lld_sleep_init_new                       0x10004cd1   Thumb Code    16  lib.o(i.lld_sleep_init_new)
    main                                     0x10004eb5   Thumb Code   198  app_main.o(i.main)
    plf_init                                 0x10005375   Thumb Code   610  lib.o(i.plf_init)
    power_off_flash                          0x10005699   Thumb Code    34  serialflash.o(i.power_off_flash)
    power_on_flash                           0x100056c1   Thumb Code    60  serialflash.o(i.power_on_flash)
    prf_check_svc_char_desc_validity         0x10005885   Thumb Code    56  prf_utils.o(i.prf_check_svc_char_desc_validity)
    prf_client_disable                       0x100058bd   Thumb Code    64  prf_utils.o(i.prf_client_disable)
    prf_client_disable_ind_send              0x100058fd   Thumb Code    80  prf_utils.o(i.prf_client_disable_ind_send)
    prf_client_enable                        0x10005985   Thumb Code    86  prf_utils.o(i.prf_client_enable)
    prf_client_get_env                       0x10005a65   Thumb Code    16  prf_utils.o(i.prf_client_get_env)
    prf_client_reset                         0x10005a8d   Thumb Code    60  prf_utils.o(i.prf_client_reset)
    prf_disc_char_all_send                   0x10005acd   Thumb Code    42  prf_utils.o(i.prf_disc_char_all_send)
    prf_disc_char_desc_send                  0x10005b01   Thumb Code    80  prf_utils.o(i.prf_disc_char_desc_send)
    prf_dispatch_disconnect                  0x10005b59   Thumb Code    36  prf_utils.o(i.prf_dispatch_disconnect)
    prf_gatt_write                           0x10005b85   Thumb Code    72  prf_utils.o(i.prf_gatt_write)
    prf_init                                 0x10005bd5   Thumb Code     8  prf_utils.o(i.prf_init)
    prf_register_atthdl2gatt                 0x10005bdd   Thumb Code    44  prf_utils.o(i.prf_register_atthdl2gatt)
    prf_search_chars128                      0x10005c11   Thumb Code   160  ancsc.o(i.prf_search_chars128)
    prf_search_descs                         0x10005cb1   Thumb Code    68  prf_utils.o(i.prf_search_descs)
    read_flash_id                            0x10005cf5   Thumb Code    10  serialflash.o(i.read_flash_id)
    restore_ble_setting                      0x10005d05   Thumb Code    64  lib.o(i.restore_ble_setting)
    rwble_slot_2_lpcycles                    0x10005d55   Thumb Code    32  lib.o(i.rwble_slot_2_lpcycles)
    set_dbg_info                             0x10005da9   Thumb Code    10  lib.o(i.set_dbg_info)
    sleep_cb                                 0x10005db9   Thumb Code    20  sleep.o(i.sleep_cb)
    sleep_init                               0x10005dd1   Thumb Code    34  sleep.o(i.sleep_init)
    sleep_post_process                       0x10005e05   Thumb Code   104  lib.o(i.sleep_post_process)
    syscon_set_ahb_clk                       0x10005f2d   Thumb Code    48  syscon.o(i.syscon_set_ahb_clk)
    syscon_set_apb_clk                       0x10005f65   Thumb Code    46  syscon.o(i.syscon_set_apb_clk)
    syscon_set_ble_clk                       0x10005f99   Thumb Code    56  syscon.o(i.syscon_set_ble_clk)
    syscon_set_sysclk_src                    0x10005fd9   Thumb Code   154  syscon.o(i.syscon_set_sysclk_src)
    syscon_set_timer_clk                     0x10006095   Thumb Code    38  syscon.o(i.syscon_set_timer_clk)
    syscon_set_usart_clk                     0x100060c1   Thumb Code    92  syscon.o(i.syscon_set_usart_clk)
    task_ancsc_desc_register                 0x10006131   Thumb Code    44  ancsc_task.o(i.task_ancsc_desc_register)
    task_app_desc_register                   0x10006169   Thumb Code    44  app_task.o(i.task_app_desc_register)
    uart_check_tx_free                       0x10006279   Thumb Code    48  uart.o(i.uart_check_tx_free)
    uart_init                                0x100062b5   Thumb Code   124  uart.o(i.uart_init)
    usr_button1_cb                           0x100063b5   Thumb Code    40  usr_design.o(i.usr_button1_cb)
    usr_init                                 0x100063ed   Thumb Code    50  usr_design.o(i.usr_init)
    usr_sleep                                0x10006499   Thumb Code   120  sleep.o(i.usr_sleep)
    usr_sleep_restore                        0x10006519   Thumb Code    42  usr_design.o(i.usr_sleep_restore)
    wakeup_32k_xtal_start_timer              0x1000654d   Thumb Code    10  sleep.o(i.wakeup_32k_xtal_start_timer)
    wakeup_32k_xtal_switch_clk               0x10006561   Thumb Code    76  sleep.o(i.wakeup_32k_xtal_switch_clk)
    wakeup_by_sleep_timer                    0x100065b5   Thumb Code    92  sleep.o(i.wakeup_by_sleep_timer)
    wdt_irq_clear                            0x1000661d   Thumb Code    32  wdt.o(i.wdt_irq_clear)
    app_default_state                        0x10006654   Data         488  app_task.o(.constdata)
    app_default_handler                      0x1000683c   Data           8  app_task.o(.constdata)
    app_state_handler                        0x10006844   Data          40  app_task.o(.constdata)
    uart_divider                             0x1000686c   Data          51  uart.o(.constdata)
    ancsc_char_desc                          0x100068b0   Data           8  ancsc_task.o(.constdata)
    ancsc_default_handler                    0x100068b8   Data           8  ancsc_task.o(.constdata)
    ancsc_char                               0x100068c0   Data          24  ancsc_task.o(.constdata)
    ancsc_state_handler                      0x100068d8   Data          24  ancsc_task.o(.constdata)
    ancsc_default_state                      0x100068f0   Data          88  ancsc_task.o(.constdata)
    __ctype_table                            0x10006948   Data         129  ctype_o.o(.constdata)
    Region$$Table$$Base                      0x10006d1c   Number         0  anon$$obj.o(Region$$Table)
    Region$$Table$$Limit                     0x10006d4c   Number         0  anon$$obj.o(Region$$Table)
    usr_env                                  0x10006d4c   Data           4  usr_design.o(.data)
    app_state                                0x10006d50   Data           2  app_task.o(.data)
    app_ancsc_env                            0x10006d54   Data           4  app_ancsc_task.o(.data)
    low_power_mode_en                        0x10006d5c   Data           1  sleep.o(.data)
    ahb_clock_flag                           0x10006d60   Data           4  sleep.o(.data)
    PGCR1_restore                            0x10006d64   Data           4  sleep.o(.data)
    sleep_env                                0x10006d68   Data          20  sleep.o(.data)
    g_SystemClock                            0x10006d7c   Data           4  syscon.o(.data)
    g_AhbClock                               0x10006d80   Data           4  syscon.o(.data)
    g_ApbClock                               0x10006d84   Data           4  syscon.o(.data)
    timer0_env                               0x10006d88   Data           8  timer.o(.data)
    timer1_env                               0x10006d90   Data           8  timer.o(.data)
    timer2_env                               0x10006d98   Data           8  timer.o(.data)
    timer3_env                               0x10006da0   Data           8  timer.o(.data)
    reset_test                               0x10006da8   Data           4  wdt.o(.data)
    g_flash_cmd                              0x10006dac   Data           8  serialflash.o(.data)
    TEMP_OFFSET                              0x10006dc0   Data           2  analog.o(.data)
    usr_button_env                           0x10006dd2   Data           2  joysticks.o(.data)
    __stdout                                 0x10006dd4   Data           4  retarget.o(.data)
    ke_evt_hdlr                              0x10006ddc   Data           4  lib.o(.data)
    ke_env                                   0x10006de0   Data           4  lib.o(.data)
    rwble_env                                0x10006de4   Data           4  lib.o(.data)
    llc_state_handler_new                    0x10006e10   Data         176  lib.o(.data)
    ancsc_envs                               0x10006ec0   Data           4  ancsc.o(.data)
    ancsc_state                              0x10006ec4   Data           2  ancsc_task.o(.data)
    app_env                                  0x100082f4   Data         772  app_env.o(.bss)
    gatt_idle_new                            0x10008938   Data         256  lib.o(.bss)
    __initial_sp                             0x10008e20   Data           0  startup.o(STACK)



==============================================================================

Memory Map of the image

  Image Entry point : 0x100000c1

  Load Region LR_ROM1 (Base: 0x10000000, Size: 0x00006ed0, Max: 0x0000cdb0, ABSOLUTE, COMPRESSED[0x00006dac])

    Execution Region APP_CODE (Base: 0x10000000, Size: 0x00008e20, Max: 0x0000cdb0, ABSOLUTE, COMPRESSED[0x00000060])

    Base Addr    Size         Type   Attr      Idx    E Section Name        Object

    0x10000000   0x000000c0   Data   RO            3    RESET               startup.o
    0x100000c0   0x00000000   Code   RO         2882  * .ARM.Collect$$$$00000000  mc_p.l(entry.o)
    0x100000c0   0x00000004   Code   RO         3167    .ARM.Collect$$$$00000001  mc_p.l(entry2.o)
    0x100000c4   0x00000004   Code   RO         3170    .ARM.Collect$$$$00000004  mc_p.l(entry5.o)
    0x100000c8   0x00000000   Code   RO         3172    .ARM.Collect$$$$00000008  mc_p.l(entry7b.o)
    0x100000c8   0x00000000   Code   RO         3174    .ARM.Collect$$$$0000000A  mc_p.l(entry8b.o)
    0x100000c8   0x00000008   Code   RO         3175    .ARM.Collect$$$$0000000B  mc_p.l(entry9a.o)
    0x100000d0   0x00000000   Code   RO         3177    .ARM.Collect$$$$0000000D  mc_p.l(entry10a.o)
    0x100000d0   0x00000000   Code   RO         3179    .ARM.Collect$$$$0000000F  mc_p.l(entry11a.o)
    0x100000d0   0x00000004   Code   RO         3168    .ARM.Collect$$$$00002712  mc_p.l(entry2.o)
    0x100000d4   0x00000030   Code   RO            4    .text               startup.o
    0x10000104   0x000001a6   Code   RO         2825    .text               qn9020b2_lib_peripheral.lib(math.o)
    0x100002aa   0x0000002c   Code   RO         2885    .text               mc_p.l(uidiv.o)
    0x100002d6   0x00000002   PAD
    0x100002d8   0x00000024   Code   RO         2891    .text               mc_p.l(rand.o)
    0x100002fc   0x00000024   Code   RO         2894    .text               mc_p.l(memcpya.o)
    0x10000320   0x00000024   Code   RO         2896    .text               mc_p.l(memseta.o)
    0x10000344   0x0000001a   Code   RO         2898    .text               mc_p.l(memcmp.o)
    0x1000035e   0x00000012   Code   RO         2900    .text               mc_p.l(strcpy.o)
    0x10000370   0x0000001a   Code   RO         3165    .text               mc_p.l(atoi.o)
    0x1000038a   0x00000002   PAD
    0x1000038c   0x00000070   Code   RO         3188    .text               mc_p.l(strtol.o)
    0x100003fc   0x00000024   Code   RO         3201    .text               mc_p.l(init.o)
    0x10000420   0x00000008   Code   RO         3207    .text               mc_p.l(ctype_o.o)
    0x10000428   0x000000a6   Code   RO         3235    .text               mc_p.l(_strtoul.o)
    0x100004ce   0x0000001e   Code   RO         3241    .text               mc_p.l(_chval.o)
    0x100004ec   0x0000003a   Code   RO         3251    .text               mc_p.l(__dczerorl.o)
    0x10000526   0x00000002   PAD
    0x10000528   0x0000001e   Code   RO         2824    REG_ACCESS_SECTION  qn9020b2_lib_peripheral.lib(math.o)
    0x10000546   0x00000002   PAD
    0x10000548   0x00000010   Code   RO         2439    i.ACMP0_IRQHandler  analog.o
    0x10000558   0x00000010   Code   RO         2440    i.ACMP1_IRQHandler  analog.o
    0x10000568   0x000000ac   Code   RO         2691    i.BLE_IRQHandler    qn9020b2_lib_peripheral.lib(lib.o)
    0x10000614   0x00000050   Code   RO         1755    i.GPIO_IRQHandler   gpio.o
    0x10000664   0x0000003c   Code   RO         1871    i.OSC_EN_IRQHandler  sleep.o
    0x100006a0   0x00000108   Code   RO          281    i.SystemInit        system.o
    0x100007a8   0x00000050   Code   RO         2094    i.TIMER0_IRQHandler  timer.o
    0x100007f8   0x00000050   Code   RO         2095    i.TIMER1_IRQHandler  timer.o
    0x10000848   0x00000050   Code   RO         2096    i.TIMER2_IRQHandler  timer.o
    0x10000898   0x00000050   Code   RO         2097    i.TIMER3_IRQHandler  timer.o
    0x100008e8   0x00000074   Code   RO         1621    i.UART0_RX_IRQHandler  uart.o
    0x1000095c   0x0000004c   Code   RO         1622    i.UART0_TX_IRQHandler  uart.o
    0x100009a8   0x0000002c   Code   RO         1624    i.UartPutc          uart.o
    0x100009d4   0x00000018   Code   RO         2205    i.WDT_IRQHandler    wdt.o
    0x100009ec   0x00000020   Code   RO         3111    i.__0printf$8       mc_p.l(printf8.o)
    0x10000a0c   0x0000001a   Code   RO          966    i.__ARM_common_switch8  app_gap_task.o
    0x10000a26   0x00000002   PAD
    0x10000a28   0x000000c4   Code   RO         2344    i.__adc_calibrate   adc.o
    0x10000aec   0x00000008   Code   RO         3181    i.__aeabi_errno_addr  mc_p.l(errno.o)
    0x10000af4   0x00000034   Code   RO         2693    i.__nvds_get        qn9020b2_lib_peripheral.lib(lib.o)
    0x10000b28   0x0000002e   Code   RO         2695    i.__nvds_put        qn9020b2_lib_peripheral.lib(lib.o)
    0x10000b56   0x00000002   PAD
    0x10000b58   0x000000e0   Code   RO         2696    i.__nvds_wrtie      qn9020b2_lib_peripheral.lib(lib.o)
    0x10000c38   0x0000000e   Code   RO         3245    i.__scatterload_copy  mc_p.l(handlers.o)
    0x10000c46   0x00000002   Code   RO         3246    i.__scatterload_null  mc_p.l(handlers.o)
    0x10000c48   0x0000000e   Code   RO         3247    i.__scatterload_zeroinit  mc_p.l(handlers.o)
    0x10000c56   0x00000002   PAD
    0x10000c58   0x00000428   Code   RO         3118    i._printf_core      mc_p.l(printf8.o)
    0x10001080   0x00000020   Code   RO         3119    i._printf_post_padding  mc_p.l(printf8.o)
    0x100010a0   0x0000002c   Code   RO         3120    i._printf_pre_padding  mc_p.l(printf8.o)
    0x100010cc   0x00000008   Code   RO         2345    i.adc_adc_SetADC0WithMask  adc.o
    0x100010d4   0x0000000a   Code   RO         2346    i.adc_adc_SetADC1WithMask  adc.o
    0x100010de   0x00000002   PAD
    0x100010e0   0x0000001c   Code   RO         2349    i.adc_clean_fifo    adc.o
    0x100010fc   0x000000e8   Code   RO         2352    i.adc_init          adc.o
    0x100011e4   0x0000000c   Code   RO         2353    i.adc_offset_get_cb  adc.o
    0x100011f0   0x00000120   Code   RO         2354    i.adc_read          adc.o
    0x10001310   0x00000014   Code   RO         2584    i.adc_test_cb       joysticks.o
    0x10001324   0x00000094   Code   RO         2852    i.ancsc_cfg_indntf_cmd_handler  qn_ancsc.lib(ancsc_task.o)
    0x100013b8   0x00000134   Code   RO         2853    i.ancsc_enable_cmd_handler  qn_ancsc.lib(ancsc_task.o)
    0x100014ec   0x000000d4   Code   RO         2854    i.ancsc_get_ntf_attribute_cmd_handler  qn_ancsc.lib(ancsc_task.o)
    0x100015c0   0x00000018   Code   RO         2830    i.ancsc_init        qn_ancsc.lib(ancsc.o)
    0x100015d8   0x00000048   Code   RO         2831    i.ancsc_send_cmp_evt  qn_ancsc.lib(ancsc.o)
    0x10001620   0x00000070   Code   RO         2855    i.ancsc_send_get_ntf_attr_command  qn_ancsc.lib(ancsc_task.o)
    0x10001690   0x00000028   Code   RO         2832    i.ancsc_send_no_conn_cmp_evt  qn_ancsc.lib(ancsc.o)
    0x100016b8   0x00000048   Code   RO          697    i.app_32k_xtal_wakeup_timer  app_task.o
    0x10001700   0x000000bc   Code   RO          440    i.app_add_bonded_dev  app_util.o
    0x100017bc   0x00000024   Code   RO         1337    i.app_ancsc_ancs_content_ind_handler  app_ancsc_task.o
    0x100017e0   0x00000030   Code   RO         1299    i.app_ancsc_cfg_indntf_req  app_ancsc.o
    0x10001810   0x00000038   Code   RO         1338    i.app_ancsc_clear_buffer  app_ancsc_task.o
    0x10001848   0x00000148   Code   RO         1339    i.app_ancsc_cmp_evt_handler  app_ancsc_task.o
    0x10001990   0x00000042   Code   RO         1340    i.app_ancsc_data_source_buffer  app_ancsc_task.o
    0x100019d2   0x00000002   PAD
    0x100019d4   0x000002e0   Code   RO         1341    i.app_ancsc_data_source_ind_handler  app_ancsc_task.o
    0x10001cb4   0x00000048   Code   RO         1342    i.app_ancsc_disable_ind_handler  app_ancsc_task.o
    0x10001cfc   0x00000048   Code   RO         1300    i.app_ancsc_enable_req  app_ancsc.o
    0x10001d44   0x00000030   Code   RO          340    i.app_ancsc_enable_reset_timer_handler  usr_design.o
    0x10001d74   0x00000044   Code   RO         1302    i.app_ancsc_get_ntf_attribute_req  app_ancsc.o
    0x10001db8   0x0000006c   Code   RO         1343    i.app_ancsc_get_ntf_error_handler  app_ancsc_task.o
    0x10001e24   0x000001a4   Code   RO         1344    i.app_ancsc_ntf_source_ind_handler  app_ancsc_task.o
    0x10001fc8   0x000000e0   Code   RO         1345    i.app_ancsc_send_ancs_attribute_req_next  app_ancsc_task.o
    0x100020a8   0x00000074   Code   RO         1346    i.app_ancsc_sm_entry  app_ancsc_task.o
    0x1000211c   0x000000a4   Code   RO          341    i.app_button_timer_handler  usr_design.o
    0x100021c0   0x00000002   Code   RO          443    i.app_create_server_service_DB  app_util.o
    0x100021c2   0x00000002   Code   RO          444    i.app_enable_server_service  app_util.o
    0x100021c4   0x000000d8   Code   RO         2585    i.app_event_adc_key_sample_cmp_handler  joysticks.o
    0x1000229c   0x00000034   Code   RO          342    i.app_event_button1_press_handler  usr_design.o
    0x100022d0   0x0000003c   Code   RO          445    i.app_find_bonded_dev  app_util.o
    0x1000230c   0x0000004c   Code   RO          343    i.app_gap_adv_intv_update_timer_handler  usr_design.o
    0x10002358   0x00000048   Code   RO          845    i.app_gap_adv_req_cmp_evt_handler  app_gap_task.o
    0x100023a0   0x00000088   Code   RO          733    i.app_gap_adv_start_req  app_gap.o
    0x10002428   0x00000024   Code   RO          734    i.app_gap_adv_stop_req  app_gap.o
    0x1000244c   0x00000054   Code   RO          735    i.app_gap_bond_req  app_gap.o
    0x100024a0   0x00000078   Code   RO          846    i.app_gap_bond_req_cmp_ind_handler  app_gap_task.o
    0x10002518   0x0000005c   Code   RO          847    i.app_gap_bond_req_ind_handler  app_gap_task.o
    0x10002574   0x0000003c   Code   RO          736    i.app_gap_bond_resp  app_gap.o
    0x100025b0   0x0000004c   Code   RO          848    i.app_gap_change_param_req_cmp_handler  app_gap_task.o
    0x100025fc   0x000000b4   Code   RO          849    i.app_gap_discon_cmp_evt_handler  app_gap_task.o
    0x100026b0   0x000000a4   Code   RO          850    i.app_gap_le_create_conn_req_cmp_evt_handler  app_gap_task.o
    0x10002754   0x00000058   Code   RO          851    i.app_gap_param_update_resp_handler  app_gap_task.o
    0x100027ac   0x00000014   Code   RO          739    i.app_gap_read_bdaddr_req  app_gap.o
    0x100027c0   0x00000054   Code   RO          852    i.app_gap_read_bdaddr_req_cmp_evt_handler  app_gap_task.o
    0x10002814   0x00000014   Code   RO          740    i.app_gap_read_ver_req  app_gap.o
    0x10002828   0x00000024   Code   RO          853    i.app_gap_read_ver_req_cmp_evt_handler  app_gap_task.o
    0x1000284c   0x00000018   Code   RO          854    i.app_gap_ready_evt_handler  app_gap_task.o
    0x10002864   0x0000000a   Code   RO          855    i.app_gap_reset_req_cmp_handler  app_gap_task.o
    0x1000286e   0x00000002   PAD
    0x10002870   0x00000024   Code   RO          743    i.app_gap_set_bondable_mode_req  app_gap.o
    0x10002894   0x00000034   Code   RO          856    i.app_gap_set_devname_req_cmp_evt_handler  app_gap_task.o
    0x100028c8   0x00000094   Code   RO          857    i.app_gap_set_mode_req_cmp_evt_handler  app_gap_task.o
    0x1000295c   0x00000048   Code   RO          858    i.app_gap_set_privacy_req_cmp_handler  app_gap_task.o
    0x100029a4   0x00000030   Code   RO          859    i.app_gap_set_random_add_req_cmp_handler  app_gap_task.o
    0x100029d4   0x00000028   Code   RO          747    i.app_gap_set_sec_req  app_gap.o
    0x100029fc   0x00000024   Code   RO          860    i.app_gap_set_sec_req_cmp_evt_handler  app_gap_task.o
    0x10002a20   0x0000002c   Code   RO         1045    i.app_gatt_cancel_write_char_resp_handler  app_gatt_task.o
    0x10002a4c   0x00000058   Code   RO         1046    i.app_gatt_cmp_evt_handler  app_gatt_task.o
    0x10002aa4   0x0000005c   Code   RO         1047    i.app_gatt_disc_char_all_128_cmp_evt_handler  app_gatt_task.o
    0x10002b00   0x00000034   Code   RO         1048    i.app_gatt_disc_char_all_cmp_evt_handler  app_gatt_task.o
    0x10002b34   0x0000005c   Code   RO         1049    i.app_gatt_disc_char_by_uuid_128_cmp_evt_handler  app_gatt_task.o
    0x10002b90   0x00000034   Code   RO         1050    i.app_gatt_disc_char_by_uuid_cmp_evt_handler  app_gatt_task.o
    0x10002bc4   0x0000006c   Code   RO         1051    i.app_gatt_disc_char_desc_128_cmp_evt_handler  app_gatt_task.o
    0x10002c30   0x00000060   Code   RO         1052    i.app_gatt_disc_char_desc_cmp_evt_handler  app_gatt_task.o
    0x10002c90   0x0000002c   Code   RO         1053    i.app_gatt_disc_cmp_evt_handler  app_gatt_task.o
    0x10002cbc   0x00000078   Code   RO         1054    i.app_gatt_disc_svc_all_128_cmp_evt_handler  app_gatt_task.o
    0x10002d34   0x000000a4   Code   RO         1055    i.app_gatt_disc_svc_all_cmp_evt_handler  app_gatt_task.o
    0x10002dd8   0x0000005c   Code   RO         1056    i.app_gatt_disc_svc_by_uuid_cmp_evt_handler  app_gatt_task.o
    0x10002e34   0x000000c4   Code   RO         1057    i.app_gatt_disc_svc_incl_cmp_evt_handler  app_gatt_task.o
    0x10002ef8   0x00000050   Code   RO         1058    i.app_gatt_handle_value_cfm_handler  app_gatt_task.o
    0x10002f48   0x00000074   Code   RO         1059    i.app_gatt_handle_value_ind_handler  app_gatt_task.o
    0x10002fbc   0x00000070   Code   RO         1060    i.app_gatt_handle_value_notif_handler  app_gatt_task.o
    0x1000302c   0x0000003c   Code   RO         1061    i.app_gatt_notify_cmp_evt_handler  app_gatt_task.o
    0x10003068   0x00000078   Code   RO         1062    i.app_gatt_read_char_mult_resp_handler  app_gatt_task.o
    0x100030e0   0x0000009c   Code   RO         1063    i.app_gatt_read_char_resp_handler  app_gatt_task.o
    0x1000317c   0x00000028   Code   RO          861    i.app_gatt_resource_access_req_handler  app_gap_task.o
    0x100031a4   0x00000068   Code   RO         1064    i.app_gatt_write_char_reliable_resp_handler  app_gatt_task.o
    0x1000320c   0x00000054   Code   RO         1065    i.app_gatt_write_char_resp_handler  app_gatt_task.o
    0x10003260   0x00000044   Code   RO          446    i.app_get_bd_addr_by_conhdl  app_util.o
    0x100032a4   0x00000030   Code   RO          447    i.app_get_bd_addr_by_idx  app_util.o
    0x100032d4   0x0000000c   Code   RO          448    i.app_get_bond_nb   app_util.o
    0x100032e0   0x00000024   Code   RO          449    i.app_get_bond_status  app_util.o
    0x10003304   0x00000028   Code   RO          451    i.app_get_conhdl_by_idx  app_util.o
    0x1000332c   0x00000020   Code   RO          452    i.app_get_link_status_by_idx  app_util.o
    0x1000334c   0x00000024   Code   RO          453    i.app_get_lk_sec_status  app_util.o
    0x10003370   0x00000004   Code   RO          454    i.app_get_local_service_flag  app_util.o
    0x10003374   0x00000028   Code   RO          455    i.app_get_rec_idx_by_conhdl  app_util.o
    0x1000339c   0x0000000c   Code   RO          456    i.app_get_role      app_util.o
    0x100033a8   0x00000026   Code   RO          457    i.app_i_to_array    app_util.o
    0x100033ce   0x00000002   PAD
    0x100033d0   0x00000064   Code   RO          595    i.app_init          app_env.o
    0x10003434   0x0000001c   Code   RO          458    i.app_init_local_smp_key  app_util.o
    0x10003450   0x00000128   Code   RO         2586    i.app_key_process_timer_handler  joysticks.o
    0x10003578   0x00000044   Code   RO         2587    i.app_key_scan_timer_handler  joysticks.o
    0x100035bc   0x00000044   Code   RO          344    i.app_led_timer_handler  usr_design.o
    0x10003600   0x00000070   Code   RO          459    i.app_set_adv_data  app_util.o
    0x10003670   0x0000005c   Code   RO          460    i.app_set_link_status_by_conhdl  app_util.o
    0x100036cc   0x0000000c   Code   RO          461    i.app_set_role      app_util.o
    0x100036d8   0x00000050   Code   RO          462    i.app_set_scan_rsp_data  app_util.o
    0x10003728   0x00000138   Code   RO          596    i.app_smp_init      app_env.o
    0x10003860   0x00000048   Code   RO         1236    i.app_smpc_chk_bd_addr_req_ind_handler  app_smp_task.o
    0x100038a8   0x00000040   Code   RO         1186    i.app_smpc_chk_bd_addr_req_rsp  app_smp.o
    0x100038e8   0x000000b8   Code   RO         1237    i.app_smpc_irk_req_ind_handler  app_smp_task.o
    0x100039a0   0x0000004c   Code   RO         1187    i.app_smpc_irk_req_rsp  app_smp.o
    0x100039ec   0x000000ac   Code   RO         1238    i.app_smpc_key_ind_handler  app_smp_task.o
    0x10003a98   0x000000e4   Code   RO         1239    i.app_smpc_ltk_req_ind_handler  app_smp_task.o
    0x10003b7c   0x00000054   Code   RO         1188    i.app_smpc_ltk_req_rsp  app_smp.o
    0x10003bd0   0x0000002c   Code   RO         1240    i.app_smpc_sec_started_ind_handler  app_smp_task.o
    0x10003bfc   0x00000044   Code   RO         1241    i.app_smpc_timeout_evt_handler  app_smp_task.o
    0x10003c40   0x00000084   Code   RO         1242    i.app_smpc_tk_req_ind_handler  app_smp_task.o
    0x10003cc4   0x0000003c   Code   RO         1190    i.app_smpc_tk_req_rsp  app_smp.o
    0x10003d00   0x00000024   Code   RO         1243    i.app_smpm_set_key_cfm_handler  app_smp_task.o
    0x10003d24   0x00000034   Code   RO         1191    i.app_smpm_set_key_req  app_smp.o
    0x10003d58   0x000000f4   Code   RO          345    i.app_task_msg_hdl  usr_design.o
    0x10003e4c   0x00000002   Code   RO          677    i.app_uart_init     app_sys.o
    0x10003e4e   0x00000002   PAD
    0x10003e50   0x00000038   Code   RO           12    i.assert_err        app_main.o
    0x10003e88   0x00000034   Code   RO           14    i.assert_warn       app_main.o
    0x10003ebc   0x0000004c   Code   RO         2697    i.atts_req_error_ind_handler_patch  qn9020b2_lib_peripheral.lib(lib.o)
    0x10003f08   0x0000002c   Code   RO         2699    i.ble_ext_wakeup_allow  qn9020b2_lib_peripheral.lib(lib.o)
    0x10003f34   0x00000016   Code   RO         2700    i.ble_hw_sleep      qn9020b2_lib_peripheral.lib(lib.o)
    0x10003f4a   0x00000002   PAD
    0x10003f4c   0x000001d8   Code   RO         2701    i.ble_init          qn9020b2_lib_peripheral.lib(lib.o)
    0x10004124   0x0000003c   Code   RO         2702    i.ble_sleep         qn9020b2_lib_peripheral.lib(lib.o)
    0x10004160   0x00000038   Code   RO         2703    i.ble_timer_patch   qn9020b2_lib_peripheral.lib(lib.o)
    0x10004198   0x00000022   Code   RO         2558    i.button_init       button.o
    0x100041ba   0x00000008   Code   RO         2704    i.cal_cal_SetCAL0WithMask  qn9020b2_lib_peripheral.lib(lib.o)
    0x100041c2   0x0000000a   Code   RO         2705    i.cal_cal_SetCAL1WithMask  qn9020b2_lib_peripheral.lib(lib.o)
    0x100041cc   0x00000014   Code   RO         2706    i.check_ble_wakeup  qn9020b2_lib_peripheral.lib(lib.o)
    0x100041e0   0x00000010   Code   RO         2707    i.co_buf_rx_get     qn9020b2_lib_peripheral.lib(lib.o)
    0x100041f0   0x0000000a   Code   RO         1347    i.co_read16p        app_ancsc_task.o
    0x100041fa   0x00000002   PAD
    0x100041fc   0x00000064   Code   RO         2708    i.config_work_mode  qn9020b2_lib_peripheral.lib(lib.o)
    0x10004260   0x00000040   Code   RO         2709    i.dc_dc_enable      qn9020b2_lib_peripheral.lib(lib.o)
    0x100042a0   0x0000002c   Code   RO         2710    i.default_enter_sleep_cb  qn9020b2_lib_peripheral.lib(lib.o)
    0x100042cc   0x0000001c   Code   RO         2711    i.default_exit_sleep_cb  qn9020b2_lib_peripheral.lib(lib.o)
    0x100042e8   0x00000010   Code   RO         2712    i.delay             qn9020b2_lib_peripheral.lib(lib.o)
    0x100042f8   0x00000010   Code   RO         2713    i.dp_dp_SetRegWithMask  qn9020b2_lib_peripheral.lib(lib.o)
    0x10004308   0x000001c0   Code   RO         1873    i.enter_sleep       sleep.o
    0x100044c8   0x00000002   Code   RO         2717    i.foo1              qn9020b2_lib_peripheral.lib(lib.o)
    0x100044ca   0x0000000a   Code   RO         2640    i.fputc             retarget.o
    0x100044d4   0x0000009c   Code   RO         2718    i.fw_ble_sleep      qn9020b2_lib_peripheral.lib(lib.o)
    0x10004570   0x00000018   Code   RO         2856    i.gap_discon_cmp_evt_handler  qn_ancsc.lib(ancsc_task.o)
    0x10004588   0x000000a4   Code   RO         2719    i.gap_discon_ind_handler_patch  qn9020b2_lib_peripheral.lib(lib.o)
    0x1000462c   0x00000108   Code   RO         2857    i.gatt_cmp_evt_handler  qn_ancsc.lib(ancsc_task.o)
    0x10004734   0x00000038   Code   RO         2858    i.gatt_disc_char_all_128_cmp_evt_handler  qn_ancsc.lib(ancsc_task.o)
    0x1000476c   0x00000030   Code   RO         2859    i.gatt_disc_char_desc_evt_handler  qn_ancsc.lib(ancsc_task.o)
    0x1000479c   0x0000002c   Code   RO         2860    i.gatt_disc_svc_by_uuid_evt_handler  qn_ancsc.lib(ancsc_task.o)
    0x100047c8   0x00000070   Code   RO         2861    i.gatt_handle_value_ntf_handler  qn_ancsc.lib(ancsc_task.o)
    0x10004838   0x00000048   Code   RO         2720    i.gatt_read_char_req_handler_patch  qn9020b2_lib_peripheral.lib(lib.o)
    0x10004880   0x000000fc   Code   RO         2721    i.gatt_write_char_req_handler_patch  qn9020b2_lib_peripheral.lib(lib.o)
    0x1000497c   0x00000038   Code   RO         2862    i.gatt_write_char_rsp_handler  qn_ancsc.lib(ancsc_task.o)
    0x100049b4   0x00000008   Code   RO         1757    i.gpio_enable_interrupt  gpio.o
    0x100049bc   0x00000024   Code   RO         1758    i.gpio_init         gpio.o
    0x100049e0   0x00000010   Code   RO          346    i.gpio_interrupt_callback  usr_design.o
    0x100049f0   0x00000014   Code   RO         1761    i.gpio_read_pin     gpio.o
    0x10004a04   0x0000000c   Code   RO         1762    i.gpio_read_pin_field  gpio.o
    0x10004a10   0x00000010   Code   RO         1763    i.gpio_set_direction  gpio.o
    0x10004a20   0x0000000e   Code   RO         1764    i.gpio_set_direction_field  gpio.o
    0x10004a2e   0x00000002   PAD
    0x10004a30   0x00000024   Code   RO         1766    i.gpio_sleep_allowed  gpio.o
    0x10004a54   0x00000060   Code   RO         1768    i.gpio_wakeup_config  gpio.o
    0x10004ab4   0x00000020   Code   RO         1769    i.gpio_write_pin    gpio.o
    0x10004ad4   0x0000002c   Code   RO         2259    i.is_flash_busy     serialflash.o
    0x10004b00   0x00000018   Code   RO         2722    i.is_flash_off      qn9020b2_lib_peripheral.lib(lib.o)
    0x10004b18   0x00000020   Code   RO         2260    i.is_flash_present  serialflash.o
    0x10004b38   0x0000001c   Code   RO         2723    i.ke_schedule       qn9020b2_lib_peripheral.lib(lib.o)
    0x10004b54   0x00000028   Code   RO         2724    i.ke_time           qn9020b2_lib_peripheral.lib(lib.o)
    0x10004b7c   0x00000018   Code   RO         2725    i.ke_timer_empty    qn9020b2_lib_peripheral.lib(lib.o)
    0x10004b94   0x0000005c   Code   RO         2726    i.l2cc_data_packet_ind_handler_patch  qn9020b2_lib_peripheral.lib(lib.o)
    0x10004bf0   0x00000050   Code   RO         2727    i.l2cc_data_send_rsp_handler_patch  qn9020b2_lib_peripheral.lib(lib.o)
    0x10004c40   0x0000002c   Code   RO         2520    i.led_get           led.o
    0x10004c6c   0x0000003c   Code   RO         2521    i.led_init          led.o
    0x10004ca8   0x00000026   Code   RO         2523    i.led_set           led.o
    0x10004cce   0x00000002   PAD
    0x10004cd0   0x00000018   Code   RO         2728    i.lld_sleep_init_new  qn9020b2_lib_peripheral.lib(lib.o)
    0x10004ce8   0x0000003c   Code   RO         2729    i.lld_sleep_lpcycles_2_us  qn9020b2_lib_peripheral.lib(lib.o)
    0x10004d24   0x0000002c   Code   RO         2730    i.lld_stop_ind_handler_new  qn9020b2_lib_peripheral.lib(lib.o)
    0x10004d50   0x00000164   Code   RO         2731    i.llm_lld_data_ind_handler_new  qn9020b2_lib_peripheral.lib(lib.o)
    0x10004eb4   0x000000fc   Code   RO           15    i.main              app_main.o
    0x10004fb0   0x00000040   Code   RO         2732    i.nvds_copy         qn9020b2_lib_peripheral.lib(lib.o)
    0x10004ff0   0x0000002c   Code   RO         2733    i.nvds_erase        qn9020b2_lib_peripheral.lib(lib.o)
    0x1000501c   0x00000090   Code   RO         2734    i.nvds_purge        qn9020b2_lib_peripheral.lib(lib.o)
    0x100050ac   0x00000094   Code   RO         2735    i.nvds_read         qn9020b2_lib_peripheral.lib(lib.o)
    0x10005140   0x00000070   Code   RO         2736    i.nvds_restore_backup  qn9020b2_lib_peripheral.lib(lib.o)
    0x100051b0   0x0000004e   Code   RO         2737    i.nvds_write        qn9020b2_lib_peripheral.lib(lib.o)
    0x100051fe   0x00000002   PAD
    0x10005200   0x00000174   Code   RO         2738    i.patch_nvds_put    qn9020b2_lib_peripheral.lib(lib.o)
    0x10005374   0x00000314   Code   RO         2739    i.plf_init          qn9020b2_lib_peripheral.lib(lib.o)
    0x10005688   0x00000010   Code   RO         2740    i.plf_reset_cb      qn9020b2_lib_peripheral.lib(lib.o)
    0x10005698   0x00000028   Code   RO         2261    i.power_off_flash   serialflash.o
    0x100056c0   0x00000040   Code   RO         2262    i.power_on_flash    serialflash.o
    0x10005700   0x00000184   Code   RO         2741    i.powerup_calibration  qn9020b2_lib_peripheral.lib(lib.o)
    0x10005884   0x00000038   Code   RO         1432    i.prf_check_svc_char_desc_validity  prf_utils.o
    0x100058bc   0x00000040   Code   RO         1434    i.prf_client_disable  prf_utils.o
    0x100058fc   0x00000088   Code   RO         1435    i.prf_client_disable_ind_send  prf_utils.o
    0x10005984   0x00000060   Code   RO         1436    i.prf_client_enable  prf_utils.o
    0x100059e4   0x00000050   Code   RO         1438    i.prf_client_env_alloc  prf_utils.o
    0x10005a34   0x00000030   Code   RO         1439    i.prf_client_env_free  prf_utils.o
    0x10005a64   0x00000010   Code   RO         1440    i.prf_client_get_env  prf_utils.o
    0x10005a74   0x00000018   Code   RO         1441    i.prf_client_pool_envs_free  prf_utils.o
    0x10005a8c   0x00000040   Code   RO         1442    i.prf_client_reset  prf_utils.o
    0x10005acc   0x00000034   Code   RO         1443    i.prf_disc_char_all_send  prf_utils.o
    0x10005b00   0x00000058   Code   RO         1444    i.prf_disc_char_desc_send  prf_utils.o
    0x10005b58   0x0000002c   Code   RO         1447    i.prf_dispatch_disconnect  prf_utils.o
    0x10005b84   0x00000050   Code   RO         1448    i.prf_gatt_write    prf_utils.o
    0x10005bd4   0x00000008   Code   RO         1450    i.prf_init          prf_utils.o
    0x10005bdc   0x00000034   Code   RO         1453    i.prf_register_atthdl2gatt  prf_utils.o
    0x10005c10   0x000000a0   Code   RO         2833    i.prf_search_chars128  qn_ancsc.lib(ancsc.o)
    0x10005cb0   0x00000044   Code   RO         1455    i.prf_search_descs  prf_utils.o
    0x10005cf4   0x00000010   Code   RO         2264    i.read_flash_id     serialflash.o
    0x10005d04   0x00000050   Code   RO         2744    i.restore_ble_setting  qn9020b2_lib_peripheral.lib(lib.o)
    0x10005d54   0x00000024   Code   RO         2745    i.rwble_slot_2_lpcycles  qn9020b2_lib_peripheral.lib(lib.o)
    0x10005d78   0x00000030   Code   RO         2746    i.sector_erase_flash_patch  qn9020b2_lib_peripheral.lib(lib.o)
    0x10005da8   0x00000010   Code   RO         2748    i.set_dbg_info      qn9020b2_lib_peripheral.lib(lib.o)
    0x10005db8   0x00000018   Code   RO         1875    i.sleep_cb          sleep.o
    0x10005dd0   0x00000034   Code   RO         1876    i.sleep_init        sleep.o
    0x10005e04   0x0000006c   Code   RO         2749    i.sleep_post_process  qn9020b2_lib_peripheral.lib(lib.o)
    0x10005e70   0x00000058   Code   RO         2750    i.smp_rtx_ind_handler_patch  qn9020b2_lib_peripheral.lib(lib.o)
    0x10005ec8   0x0000000a   Code   RO         1877    i.syscon_GetBLESR   sleep.o
    0x10005ed2   0x0000000a   Code   RO         2751    i.syscon_GetBLESR   qn9020b2_lib_peripheral.lib(lib.o)
    0x10005edc   0x0000000a   Code   RO         2355    i.syscon_SetADCCRWithMask  adc.o
    0x10005ee6   0x0000000a   Code   RO         1878    i.syscon_SetCMDCRWithMask  sleep.o
    0x10005ef0   0x0000000a   Code   RO         1988    i.syscon_SetCMDCRWithMask  syscon.o
    0x10005efa   0x0000000a   Code   RO         1879    i.syscon_SetIvrefX32WithMask  sleep.o
    0x10005f04   0x0000000a   Code   RO         2752    i.syscon_SetIvrefX32WithMask  qn9020b2_lib_peripheral.lib(lib.o)
    0x10005f0e   0x0000000a   Code   RO         1880    i.syscon_SetPGCR0WithMask  sleep.o
    0x10005f18   0x0000000a   Code   RO         2753    i.syscon_SetPGCR1WithMask  qn9020b2_lib_peripheral.lib(lib.o)
    0x10005f22   0x0000000a   Code   RO         1881    i.syscon_SetPGCR2WithMask  sleep.o
    0x10005f2c   0x00000038   Code   RO         1993    i.syscon_set_ahb_clk  syscon.o
    0x10005f64   0x00000034   Code   RO         1994    i.syscon_set_apb_clk  syscon.o
    0x10005f98   0x00000040   Code   RO         1995    i.syscon_set_ble_clk  syscon.o
    0x10005fd8   0x000000bc   Code   RO         1996    i.syscon_set_sysclk_src  syscon.o
    0x10006094   0x0000002c   Code   RO         1997    i.syscon_set_timer_clk  syscon.o
    0x100060c0   0x00000070   Code   RO         1998    i.syscon_set_usart_clk  syscon.o
    0x10006130   0x00000038   Code   RO         2863    i.task_ancsc_desc_register  qn_ancsc.lib(ancsc_task.o)
    0x10006168   0x00000038   Code   RO          698    i.task_app_desc_register  app_task.o
    0x100061a0   0x000000c4   Code   RO         2754    i.task_gatt_desc_register  qn9020b2_lib_peripheral.lib(lib.o)
    0x10006264   0x0000000a   Code   RO         2105    i.timer_timer_ClrIntFlag  timer.o
    0x1000626e   0x0000000a   Code   RO         2106    i.timer_timer_GetIntFlag  timer.o
    0x10006278   0x0000003c   Code   RO         1625    i.uart_check_tx_free  uart.o
    0x100062b4   0x00000098   Code   RO         1630    i.uart_init         uart.o
    0x1000634c   0x00000012   Code   RO         1633    i.uart_rx_int_enable  uart.o
    0x1000635e   0x00000002   PAD
    0x10006360   0x00000038   Code   RO         1634    i.uart_tx_int_enable  uart.o
    0x10006398   0x0000000a   Code   RO         1635    i.uart_uart_ClrIntFlag  uart.o
    0x100063a2   0x0000000a   Code   RO         1636    i.uart_uart_GetIntFlag  uart.o
    0x100063ac   0x00000008   Code   RO         1637    i.uart_uart_SetTXD  uart.o
    0x100063b4   0x00000038   Code   RO          347    i.usr_button1_cb    usr_design.o
    0x100063ec   0x00000058   Code   RO          348    i.usr_init          usr_design.o
    0x10006444   0x00000054   Code   RO          349    i.usr_led1_set      usr_design.o
    0x10006498   0x00000080   Code   RO         1882    i.usr_sleep         sleep.o
    0x10006518   0x00000034   Code   RO          350    i.usr_sleep_restore  usr_design.o
    0x1000654c   0x00000014   Code   RO         1883    i.wakeup_32k_xtal_start_timer  sleep.o
    0x10006560   0x00000054   Code   RO         1884    i.wakeup_32k_xtal_switch_clk  sleep.o
    0x100065b4   0x00000068   Code   RO         1886    i.wakeup_by_sleep_timer  sleep.o
    0x1000661c   0x00000028   Code   RO         2207    i.wdt_irq_clear     wdt.o
    0x10006644   0x0000000e   Code   RO         2209    i.wdt_wdt_SetLKR    wdt.o
    0x10006652   0x00000002   PAD
    0x10006654   0x000001e8   Data   RO          699    .constdata          app_task.o
    0x1000683c   0x00000030   Data   RO          700    .constdata          app_task.o
    0x1000686c   0x00000033   Data   RO         1640    .constdata          uart.o
    0x1000689f   0x00000001   PAD
    0x100068a0   0x00000010   Data   RO         2756    .constdata          qn9020b2_lib_peripheral.lib(lib.o)
    0x100068b0   0x00000040   Data   RO         2864    .constdata          qn_ancsc.lib(ancsc_task.o)
    0x100068f0   0x00000058   Data   RO         2865    .constdata          qn_ancsc.lib(ancsc_task.o)
    0x10006948   0x00000081   Data   RO         3208    .constdata          mc_p.l(ctype_o.o)
    0x100069c9   0x00000003   PAD
    0x100069cc   0x00000004   Data   RO         3209    .constdata          mc_p.l(ctype_o.o)
    0x100069d0   0x000000d6   Data   RO          862    .conststring        app_gap_task.o
    0x10006aa6   0x00000002   PAD
    0x10006aa8   0x000000ee   Data   RO         1066    .conststring        app_gatt_task.o
    0x10006b96   0x00000002   PAD
    0x10006b98   0x000000ad   Data   RO         1244    .conststring        app_smp_task.o
    0x10006c45   0x00000003   PAD
    0x10006c48   0x00000096   Data   RO         1348    .conststring        app_ancsc_task.o
    0x10006cde   0x00000002   PAD
    0x10006ce0   0x00000039   Data   RO         2866    .conststring        qn_ancsc.lib(ancsc_task.o)
    0x10006d19   0x00000003   PAD
    0x10006d1c   0x00000030   Data   RO         3243    Region$$Table       anon$$obj.o
    0x10006d4c   0x00000004   Data   RW          351    .data               usr_design.o
    0x10006d50   0x00000002   Data   RW          701    .data               app_task.o
    0x10006d52   0x00000002   PAD
    0x10006d54   0x00000004   Data   RW         1349    .data               app_ancsc_task.o
    0x10006d58   0x00000004   Data   RW         1771    .data               gpio.o
    0x10006d5c   0x00000020   Data   RW         1887    .data               sleep.o
    0x10006d7c   0x0000000c   Data   RW         1999    .data               syscon.o
    0x10006d88   0x00000020   Data   RW         2109    .data               timer.o
    0x10006da8   0x00000004   Data   RW         2210    .data               wdt.o
    0x10006dac   0x00000008   Data   RW         2268    .data               serialflash.o
    0x10006db4   0x0000000c   Data   RW         2357    .data               adc.o
    0x10006dc0   0x0000000c   Data   RW         2449    .data               analog.o
    0x10006dcc   0x00000008   Data   RW         2589    .data               joysticks.o
    0x10006dd4   0x00000004   Data   RW         2641    .data               retarget.o
    0x10006dd8   0x000000e8   Data   RW         2757    .data               qn9020b2_lib_peripheral.lib(lib.o)
    0x10006ec0   0x00000004   Data   RW         2834    .data               qn_ancsc.lib(ancsc.o)
    0x10006ec4   0x00000002   Data   RW         2867    .data               qn_ancsc.lib(ancsc_task.o)
    0x10006ec6   0x00000002   PAD
    0x10006ec8   0x00000004   Data   RW         2892    .data               mc_p.l(rand.o)
    0x10006ecc   0x00000004   Data   RW         3184    .data               mc_p.l(errno.o)
    0x10006ed0   0x00001424   Zero   RW           16    .bss                app_main.o
    0x100082f4   0x00000304   Zero   RW          597    .bss                app_env.o
    0x100085f8   0x00000030   Zero   RW         1639    .bss                uart.o
    0x10008628   0x00000014   Zero   RW         2356    .bss                adc.o
    0x1000863c   0x00000014   Zero   RW         2588    .bss                joysticks.o
    0x10008650   0x000005d0   Zero   RW         2755    .bss                qn9020b2_lib_peripheral.lib(lib.o)
    0x10008c20   0x00000200   Zero   RW            1    STACK               startup.o


==============================================================================

Image component sizes


      Code (inc. data)   RO Data    RW Data    ZI Data      Debug   Object Name

       784         72          0         12         20      21883   adc.o
        32          8          0         12          0       1456   analog.o
       188         26          0          0          0       2400   app_ancsc.o
      2172        432        150          4          0      11316   app_ancsc_task.o
       412         80          0          0        772       3729   app_env.o
       432         78          0          0          0       5009   app_gap.o
      1368        544        214          0          0      11762   app_gap_task.o
      2072       1158        238          0          0      14590   app_gatt_task.o
       360        126          0          0       5156     109811   app_main.o
       336         48          0          0          0       3458   app_smp.o
       936        242        173          0          0       5859   app_smp_task.o
         2          0          0          0          0        396   app_sys.o
       128         20        536          2          0      15697   app_task.o
       942        110          0          0          0      11604   app_util.o
        34          0          0          0          0        438   button.o
       350         40          0          4          0      22703   gpio.o
       600        164          0          8         20      23076   joysticks.o
       142         20          0          0          0       1479   led.o
       976        126          0          0          0      11645   prf_utils.o
        10          0          0          4          0       2314   retarget.o
       196         30          0          8          0      18526   serialflash.o
       970        114          0         32          0      24856   sleep.o
        48         14        192          0        512        816   startup.o
       526         82          0         12          0      19659   syscon.o
       264         42          0          0          0      21522   system.o
       340         40          0         32          0      18662   timer.o
       550         76         51          0         48      30686   uart.o
       948        200          0          4          0      24890   usr_design.o
        78         14          0          4          0      15562   wdt.o

    ----------------------------------------------------------------------
     16218       3906       1612        140       6528     455804   Object Totals
         0          0         48          0          0          0   (incl. Generated)
        22          0         10          2          0          0   (incl. Padding)

    ----------------------------------------------------------------------

      Code (inc. data)   RO Data    RW Data    ZI Data      Debug   Library Member Name

        58          0          0          0          0          0   __dczerorl.o
        30          0          0          0          0         60   _chval.o
       166          0          0          0          0         84   _strtoul.o
        26          0          0          0          0         72   atoi.o
         8          4        133          0          0         60   ctype_o.o
         0          0          0          0          0          0   entry.o
         0          0          0          0          0          0   entry10a.o
         0          0          0          0          0          0   entry11a.o
         8          4          0          0          0          0   entry2.o
         4          0          0          0          0          0   entry5.o
         0          0          0          0          0          0   entry7b.o
         0          0          0          0          0          0   entry8b.o
         8          4          0          0          0          0   entry9a.o
         8          4          0          4          0         60   errno.o
        30          0          0          0          0          0   handlers.o
        36          8          0          0          0         68   init.o
        26          0          0          0          0         72   memcmp.o
        36          0          0          0          0         60   memcpya.o
        36          0          0          0          0        100   memseta.o
      1172         52          0          0          0        324   printf8.o
        36         12          0          4          0        120   rand.o
        18          0          0          0          0         60   strcpy.o
       112          4          0          0          0         76   strtol.o
        44          0          0          0          0         72   uidiv.o
      5720        906         16        232       1488       3992   lib.o
       452          4          0          0          0        184   math.o
       296         26          0          4          0        296   ancsc.o
      1440        158        209          2          0        884   ancsc_task.o

    ----------------------------------------------------------------------
      9786       1186        364        248       1488       6644   Library Totals
        16          0          6          2          0          0   (incl. Padding)

    ----------------------------------------------------------------------

      Code (inc. data)   RO Data    RW Data    ZI Data      Debug   Library Name

      1862         92        133          8          0       1288   mc_p.l
      6172        910         16        232       1488       4176   qn9020b2_lib_peripheral.lib
      1736        184        209          6          0       1180   qn_ancsc.lib

    ----------------------------------------------------------------------
      9786       1186        364        248       1488       6644   Library Totals

    ----------------------------------------------------------------------

==============================================================================


      Code (inc. data)   RO Data    RW Data    ZI Data      Debug   

     26004       5092       1976        388       8016     450072   Grand Totals
     26004       5092       1976         96       8016     450072   ELF Image Totals (compressed)
     26004       5092       1976         96          0          0   ROM Totals

==============================================================================

    Total RO  Size (Code + RO Data)                27980 (  27.32kB)
    Total RW  Size (RW Data + ZI Data)              8404 (   8.21kB)
    Total ROM Size (Code + RO Data + RW Data)      28076 (  27.42kB)

==============================================================================

