<html>
<body>
<pre>
<h1>µVision Build Log</h1>
<h2>Tool Versions:</h2>
IDE-Version: µVision V5.15
Copyright (C) 2015 ARM Ltd and ARM Germany GmbH. All rights reserved.
License Information: Wenxue Wang, FSL, LIC=DSN05-0UP2J-64NF8-LP65P-0CQLW-6DJ2R
 
Tool Versions:
Toolchain:       MDK-ARM Professional  Version: 5.15.0
Toolchain Path:  C:\Freescale\Keil_v5\ARM\ARMCC\Bin
C Compiler:      Armcc.exe V5.05 update 2 (build 169)
Assembler:       Armasm.exe V5.05 update 2 (build 169)
Linker/Locator:  ArmLink.exe V5.05 update 2 (build 169)
Library Manager: ArmAr.exe V5.05 update 2 (build 169)
Hex Converter:   FromElf.exe V5.05 update 2 (build 169)
CPU DLL:         SARMCM3.DLL V5.15.0
Dialog DLL:      DARMCM1.DLL V1.12.0.0
Target DLL:      Segger\JL2CM3.dll V2.99.15.0
Dialog DLL:      TARMCM1.DLL V1.9.0.0
 
<h2>Project:</h2>
D:\BLE\NXP\Firefly\FireBLE\BLE\prj_ancsc\keil\ancsc.uvproj
Project File Date:  01/19/2016

<h2>Output:</h2>
*** Using Compiler 'V5.05 update 2 (build 169)', folder: 'C:\Freescale\Keil_v5\ARM\ARMCC\Bin'
Build target 'ancsc'
assembling startup.s...
compiling app_main.c...
compiling system.c...
compiling usr_design.c...
compiling app_util.c...
compiling app_env.c...
compiling app_printf.c...
compiling app_sys.c...
compiling app_task.c...
compiling app_gap.c...
compiling app_gap_task.c...
compiling app_gatt.c...
compiling app_gatt_task.c...
compiling app_smp.c...
compiling app_smp_task.c...
compiling app_ancsc.c...
compiling app_ancsc_task.c...
compiling prf_utils.c...
compiling uart.c...
compiling gpio.c...
compiling sleep.c...
compiling syscon.c...
compiling rtc.c...
compiling timer.c...
compiling wdt.c...
compiling serialflash.c...
compiling adc.c...
compiling analog.c...
compiling led.c...
compiling button.c...
compiling joysticks.c...
compiling retarget.c...
linking...
Program Size: Code=26004 RO-data=1976 RW-data=388 ZI-data=8016  
After Build - User command #1: fromelf --bin --output ./bin/ancsc.bin ./obj/ancsc.axf
".\obj\ancsc.axf" - 0 Error(s), 0 Warning(s).
</pre>
</body>
</html>
